<html>
<body>
<pre>
<h1>µVision Build Log</h1>
<h2>Tool Versions:</h2>
IDE-Version: ¦ÌVision V5.38.0.0
Copyright (C) 2022 ARM Ltd and ARM Germany GmbH. All rights reserved.
License Information: zhihao zhu, XMU, LIC=GMZI6-D2PJ3-LQJ0Q-NKJ5P-QQ66E-VP0HT
 
Tool Versions:
Toolchain:       MDK-ARM Plus  Version: 5.38.0.0
Toolchain Path:  D:\Keil_v5\ARM\ARMCompiler5.06u7\Bin
C Compiler:      Armcc.exe V5.06 update 7 (build 960)
Assembler:       Armasm.exe V5.06 update 7 (build 960)
Linker/Locator:  ArmLink.exe V5.06 update 7 (build 960)
Library Manager: ArmAr.exe V5.06 update 7 (build 960)
Hex Converter:   FromElf.exe V5.06 update 7 (build 960)
CPU DLL:         SARMCM3.DLL V5.38.0.0
Dialog DLL:      DCM.DLL V1.17.5.0
Target DLL:      STLink\ST-LINKIII-KEIL_SWO.dll V3.1.0.0
Dialog DLL:      TCM.DLL V1.56.4.0
 
<h2>Project:</h2>
D:\32F407_7.1\32F407_7.1\Projects\MDK-ARM\Hybrid_15kW.uvprojx
Project File Date:  05/04/2024

<h2>Output:</h2>
*** Using Compiler 'V5.06 update 7 (build 960)', folder: 'D:\Keil_v5\ARM\ARMCompiler5.06u7\Bin'
Build target 'Hybrid_15kW'
Note: source file '..\..\Middlewares\LWIP\src\core\sys.c' - object file renamed from '..\..\Output\sys.o' to '..\..\Output\sys_1.o'.
Note: source file '..\..\Middlewares\LWIP\src\netif\ethernet.c' - object file renamed from '..\..\Output\ethernet.o' to '..\..\Output\ethernet_1.o'.
compiling freertos_demo.c...
linking...
Program Size: Code=99804 RO-data=14040 RW-data=860 ZI-data=738412  
FromELF: creating hex file...
"..\..\Output\Hybrid_15kW.axf" - 0 Error(s), 0 Warning(s).

<h2>Software Packages used:</h2>

Package Vendor: Keil
                https://www.keil.com/pack/Keil.STM32F4xx_DFP.2.17.1.pack
                Keil.STM32F4xx_DFP.2.17.1
                STMicroelectronics STM32F4 Series Device Support, Drivers and Examples

<h2>Collection of Component include folders:</h2>
  D:/Keil_v5/Keil/STM32F4xx_DFP/2.17.1/Drivers/CMSIS/Device/ST/STM32F4xx/Include

<h2>Collection of Component Files used:</h2>
Build Time Elapsed:  00:00:03
</pre>
</body>
</html>
