Component: ARM Compiler 5.06 update 7 (build 960) Tool: armlink [4d3601]

==============================================================================

Section Cross References

    startup_stm32f407xx.o(RESET) refers to startup_stm32f407xx.o(STACK) for __initial_sp
    startup_stm32f407xx.o(RESET) refers to startup_stm32f407xx.o(.text) for Reset_Handler
    startup_stm32f407xx.o(RESET) refers to stm32f4xx_it.o(i.NMI_Handler) for NMI_Handler
    startup_stm32f407xx.o(RESET) refers to stm32f4xx_it.o(i.HardFault_Handler) for HardFault_Handler
    startup_stm32f407xx.o(RESET) refers to stm32f4xx_it.o(i.MemManage_Handler) for MemManage_Handler
    startup_stm32f407xx.o(RESET) refers to stm32f4xx_it.o(i.BusFault_Handler) for BusFault_Handler
    startup_stm32f407xx.o(RESET) refers to stm32f4xx_it.o(i.UsageFault_Handler) for UsageFault_Handler
    startup_stm32f407xx.o(RESET) refers to port.o(.emb_text) for SVC_Handler
    startup_stm32f407xx.o(RESET) refers to stm32f4xx_it.o(i.DebugMon_Handler) for DebugMon_Handler
    startup_stm32f407xx.o(RESET) refers to delay.o(i.SysTick_Handler) for SysTick_Handler
    startup_stm32f407xx.o(RESET) refers to usmart_port.o(i.TIM4_IRQHandler) for TIM4_IRQHandler
    startup_stm32f407xx.o(RESET) refers to usart.o(i.USART1_IRQHandler) for USART1_IRQHandler
    startup_stm32f407xx.o(RESET) refers to usart.o(i.USART3_IRQHandler) for USART3_IRQHandler
    startup_stm32f407xx.o(RESET) refers to ethernet.o(i.ETH_IRQHandler) for ETH_IRQHandler
    startup_stm32f407xx.o(.text) refers to system_stm32f4xx.o(i.SystemInit) for SystemInit
    startup_stm32f407xx.o(.text) refers to entry.o(.ARM.Collect$$$$00000000) for __main
    main.o(i.main) refers to main.o(i.zzh_FreeRTOS_sys_run) for zzh_FreeRTOS_sys_run
    main.o(i.zzh_FreeRTOS_sys_run) refers to stm32f4xx_hal.o(i.HAL_Init) for HAL_Init
    main.o(i.zzh_FreeRTOS_sys_run) refers to sys.o(i.sys_stm32_clock_init) for sys_stm32_clock_init
    main.o(i.zzh_FreeRTOS_sys_run) refers to delay.o(i.delay_init) for delay_init
    main.o(i.zzh_FreeRTOS_sys_run) refers to usart.o(i.usart_init) for usart_init
    main.o(i.zzh_FreeRTOS_sys_run) refers to led.o(i.led_init) for led_init
    main.o(i.zzh_FreeRTOS_sys_run) refers to lcd.o(i.lcd_init) for lcd_init
    main.o(i.zzh_FreeRTOS_sys_run) refers to sram.o(i.sram_init) for sram_init
    main.o(i.zzh_FreeRTOS_sys_run) refers to malloc.o(i.my_mem_init) for my_mem_init
    main.o(i.zzh_FreeRTOS_sys_run) refers to freertos_demo.o(i.freertos_demo) for freertos_demo
    main.o(i.zzh_FreeRTOS_sys_run) refers to usmart_config.o(.data) for usmart_dev
    system_stm32f4xx.o(i.SystemCoreClockUpdate) refers to system_stm32f4xx.o(.data) for .data
    system_stm32f4xx.o(i.SystemCoreClockUpdate) refers to system_stm32f4xx.o(.constdata) for .constdata
    freertos_demo.o(i.controller_relay_task) refers to timer.o(i.TIM9_PWM_Init) for TIM9_PWM_Init
    freertos_demo.o(i.controller_relay_task) refers to queue.o(i.xQueueSemaphoreTake) for xQueueSemaphoreTake
    freertos_demo.o(i.controller_relay_task) refers to printfa.o(i.__0printf) for __2printf
    freertos_demo.o(i.controller_relay_task) refers to stm32f4xx_hal_gpio.o(i.HAL_GPIO_WritePin) for HAL_GPIO_WritePin
    freertos_demo.o(i.controller_relay_task) refers to timer.o(i.TIM_SetTIM9Compare2) for TIM_SetTIM9Compare2
    freertos_demo.o(i.controller_relay_task) refers to tasks.o(i.vTaskDelay) for vTaskDelay
    freertos_demo.o(i.controller_relay_task) refers to freertos_demo.o(.data) for .data
    freertos_demo.o(i.controller_relay_task) refers to zzh.o(.data) for battery_status
    freertos_demo.o(i.freertos_demo) refers to tasks.o(i.xTaskCreate) for xTaskCreate
    freertos_demo.o(i.freertos_demo) refers to tasks.o(i.vTaskStartScheduler) for vTaskStartScheduler
    freertos_demo.o(i.freertos_demo) refers to freertos_demo.o(.data) for .data
    freertos_demo.o(i.freertos_demo) refers to freertos_demo.o(i.start_task) for start_task
    freertos_demo.o(i.led_task) refers to stm32f4xx_hal_gpio.o(i.HAL_GPIO_TogglePin) for HAL_GPIO_TogglePin
    freertos_demo.o(i.led_task) refers to tasks.o(i.vTaskDelay) for vTaskDelay
    freertos_demo.o(i.lwip_demo_task) refers to stm32f4xx_hal_gpio.o(i.HAL_GPIO_TogglePin) for HAL_GPIO_TogglePin
    freertos_demo.o(i.lwip_demo_task) refers to tasks.o(i.vTaskDelay) for vTaskDelay
    freertos_demo.o(i.lwip_test_ui) refers to lcd.o(i.lcd_show_string) for lcd_show_string
    freertos_demo.o(i.lwip_test_ui) refers to printfa.o(i.__0sprintf) for __2sprintf
    freertos_demo.o(i.lwip_test_ui) refers to ethernet.o(i.ethernet_chip_get_speed) for ethernet_chip_get_speed
    freertos_demo.o(i.lwip_test_ui) refers to lwip_comm.o(.bss) for g_lwipdev
    freertos_demo.o(i.rs232_TASK) refers to usart.o(i.usart3_init) for usart3_init
    freertos_demo.o(i.rs232_TASK) refers to usart.o(i.ECU_data_ask) for ECU_data_ask
    freertos_demo.o(i.rs232_TASK) refers to queue.o(i.xQueueSemaphoreTake) for xQueueSemaphoreTake
[...]
    0x080009d8   0x080009d8   0x00000030   Code   RO        11438    .text               mf_w.l(cdrcmple.o)
    0x08000a08   0x08000a08   0x00000024   Code   RO        11440    .text               mc_w.l(init.o)
    0x08000a2c   0x08000a2c   0x00000024   Code   RO        11442    .text               mc_w.l(llsshr.o)
    0x08000a50   0x08000a50   0x0000009e   Code   RO        11444    .text               mc_w.l(_strtoul.o)
    0x08000aee   0x08000aee   0x0000001c   Code   RO        11446    .text               mc_w.l(_chval.o)
    0x08000b0a   0x08000b0a   0x00000056   Code   RO        11456    .text               mc_w.l(__dczerorl2.o)
    0x08000b60   0x08000b60   0x00000002   Code   RO          402    i.BusFault_Handler  stm32f4xx_it.o
    0x08000b62   0x08000b62   0x00000002   Code   RO          403    i.DebugMon_Handler  stm32f4xx_it.o
    0x08000b64   0x08000b64   0x0000000c   Code   RO          936    i.ECU_data_ask      usart.o
    0x08000b70   0x08000b70   0x00000068   Code   RO          937    i.ECU_data_get      usart.o
    0x08000bd8   0x08000bd8   0x00000010   Code   RO         4000    i.ETH_DMAReceptionDisable  stm32f4xx_hal_eth.o
    0x08000be8   0x08000be8   0x00000010   Code   RO         4001    i.ETH_DMAReceptionEnable  stm32f4xx_hal_eth.o
    0x08000bf8   0x08000bf8   0x00000010   Code   RO         4002    i.ETH_DMATransmissionDisable  stm32f4xx_hal_eth.o
    0x08000c08   0x08000c08   0x00000010   Code   RO         4003    i.ETH_DMATransmissionEnable  stm32f4xx_hal_eth.o
    0x08000c18   0x08000c18   0x00000024   Code   RO         4004    i.ETH_Delay         stm32f4xx_hal_eth.o
    0x08000c3c   0x08000c3c   0x0000002e   Code   RO         4005    i.ETH_FlushTransmitFIFO  stm32f4xx_hal_eth.o
    0x08000c6a   0x08000c6a   0x00000002   PAD
    0x08000c6c   0x08000c6c   0x00000028   Code   RO         4814    i.ETH_IRQHandler    ethernet.o
    0x08000c94   0x08000c94   0x0000002c   Code   RO         4006    i.ETH_MACAddressConfig  stm32f4xx_hal_eth.o
    0x08000cc0   0x08000cc0   0x00000190   Code   RO         4007    i.ETH_MACDMAConfig  stm32f4xx_hal_eth.o
    0x08000e50   0x08000e50   0x00000022   Code   RO         4008    i.ETH_MACReceptionDisable  stm32f4xx_hal_eth.o
    0x08000e72   0x08000e72   0x00000022   Code   RO         4009    i.ETH_MACReceptionEnable  stm32f4xx_hal_eth.o
    0x08000e94   0x08000e94   0x00000022   Code   RO         4010    i.ETH_MACTransmissionDisable  stm32f4xx_hal_eth.o
    0x08000eb6   0x08000eb6   0x00000022   Code   RO         4011    i.ETH_MACTransmissionEnable  stm32f4xx_hal_eth.o
    0x08000ed8   0x08000ed8   0x00000040   Code   RO         3553    i.FSMC_NORSRAM_Extended_Timing_Init  stm32f4xx_ll_fsmc.o
    0x08000f18   0x08000f18   0x00000054   Code   RO         3554    i.FSMC_NORSRAM_Init  stm32f4xx_ll_fsmc.o
    0x08000f6c   0x08000f6c   0x0000003e   Code   RO         3555    i.FSMC_NORSRAM_Timing_Init  stm32f4xx_ll_fsmc.o
    0x08000faa   0x08000faa   0x0000008e   Code   RO         3674    i.HAL_DMA_Abort     stm32f4xx_hal_dma.o
    0x08001038   0x08001038   0x00000024   Code   RO         3675    i.HAL_DMA_Abort_IT  stm32f4xx_hal_dma.o
    0x0800105c   0x0800105c   0x00000024   Code   RO         1057    i.HAL_Delay         stm32f4xx_hal.o
    0x08001080   0x08001080   0x0000006e   Code   RO         4014    i.HAL_ETH_DMARxDescListInit  stm32f4xx_hal_eth.o
    0x080010ee   0x080010ee   0x0000007a   Code   RO         4015    i.HAL_ETH_DMATxDescListInit  stm32f4xx_hal_eth.o
    0x08001168   0x08001168   0x0000007e   Code   RO         4018    i.HAL_ETH_GetReceivedFrame  stm32f4xx_hal_eth.o
    0x080011e6   0x080011e6   0x00000002   PAD
    0x080011e8   0x080011e8   0x0000023c   Code   RO         4022    i.HAL_ETH_Init      stm32f4xx_hal_eth.o
    0x08001424   0x08001424   0x000001b0   Code   RO         4815    i.HAL_ETH_MspInit   ethernet.o
    0x080015d4   0x080015d4   0x00000082   Code   RO         4025    i.HAL_ETH_ReadPHYRegister  stm32f4xx_hal_eth.o
    0x08001656   0x08001656   0x00000044   Code   RO         4027    i.HAL_ETH_Start     stm32f4xx_hal_eth.o
    0x0800169a   0x0800169a   0x00000044   Code   RO         4028    i.HAL_ETH_Stop      stm32f4xx_hal_eth.o
    0x080016de   0x080016de   0x00000112   Code   RO         4029    i.HAL_ETH_TransmitFrame  stm32f4xx_hal_eth.o
    0x080017f0   0x080017f0   0x0000007a   Code   RO         4031    i.HAL_ETH_WritePHYRegister  stm32f4xx_hal_eth.o
    0x0800186a   0x0800186a   0x00000002   PAD
    0x0800186c   0x0800186c   0x000001d0   Code   RO         1374    i.HAL_GPIO_Init     stm32f4xx_hal_gpio.o
    0x08001a3c   0x08001a3c   0x00000010   Code   RO         1377    i.HAL_GPIO_TogglePin  stm32f4xx_hal_gpio.o
    0x08001a4c   0x08001a4c   0x0000000e   Code   RO         1378    i.HAL_GPIO_WritePin  stm32f4xx_hal_gpio.o
    0x08001a5a   0x08001a5a   0x00000002   PAD
    0x08001a5c   0x08001a5c   0x0000000c   Code   RO         1062    i.HAL_GetREVID      stm32f4xx_hal.o
    0x08001a68   0x08001a68   0x0000000c   Code   RO         1063    i.HAL_GetTick       stm32f4xx_hal.o
    0x08001a74   0x08001a74   0x00000010   Code   RO         1069    i.HAL_IncTick       stm32f4xx_hal.o
    0x08001a84   0x08001a84   0x00000034   Code   RO         1070    i.HAL_Init          stm32f4xx_hal.o
    0x08001ab8   0x08001ab8   0x00000044   Code   RO         1071    i.HAL_InitTick      stm32f4xx_hal.o
    0x08001afc   0x08001afc   0x00000002   Code   RO         1073    i.HAL_MspInit       stm32f4xx_hal.o
    0x08001afe   0x08001afe   0x0000001a   Code   RO         1241    i.HAL_NVIC_EnableIRQ  stm32f4xx_hal_cortex.o
    0x08001b18   0x08001b18   0x00000040   Code   RO         1247    i.HAL_NVIC_SetPriority  stm32f4xx_hal_cortex.o
    0x08001b58   0x08001b58   0x00000024   Code   RO         1248    i.HAL_NVIC_SetPriorityGrouping  stm32f4xx_hal_cortex.o
    0x08001b7c   0x08001b7c   0x0000014c   Code   RO         1438    i.HAL_RCC_ClockConfig  stm32f4xx_hal_rcc.o
    0x08001cc8   0x08001cc8   0x0000000c   Code   RO         1443    i.HAL_RCC_GetHCLKFreq  stm32f4xx_hal_rcc.o
    0x08001cd4   0x08001cd4   0x00000020   Code   RO         1445    i.HAL_RCC_GetPCLK1Freq  stm32f4xx_hal_rcc.o
    0x08001cf4   0x08001cf4   0x00000020   Code   RO         1446    i.HAL_RCC_GetPCLK2Freq  stm32f4xx_hal_rcc.o
    0x08001d14   0x08001d14   0x00000068   Code   RO         1447    i.HAL_RCC_GetSysClockFreq  stm32f4xx_hal_rcc.o
    0x08001d7c   0x08001d7c   0x000003c0   Code   RO         1450    i.HAL_RCC_OscConfig  stm32f4xx_hal_rcc.o
    0x0800213c   0x0800213c   0x000000ce   Code   RO         4209    i.HAL_SPI_Init      stm32f4xx_hal_spi.o
    0x0800220a   0x0800220a   0x00000002   PAD
    0x0800220c   0x0800220c   0x0000015c   Code   RO         4897    i.HAL_SPI_MspInit   spi.o
    0x08002368   0x08002368   0x0000027c   Code   RO         4218    i.HAL_SPI_TransmitReceive  stm32f4xx_hal_spi.o
    0x080025e4   0x080025e4   0x00000058   Code   RO         3429    i.HAL_SRAM_Init     stm32f4xx_hal_sram.o
    0x0800263c   0x0800263c   0x00000074   Code   RO         4564    i.HAL_SRAM_MspInit  lcd.o
    0x080026b0   0x080026b0   0x0000001c   Code   RO         1250    i.HAL_SYSTICK_CLKSourceConfig  stm32f4xx_hal_cortex.o
    0x080026cc   0x080026cc   0x00000028   Code   RO         1252    i.HAL_SYSTICK_Config  stm32f4xx_hal_cortex.o
    0x080026f4   0x080026f4   0x0000004a   Code   RO         2443    i.HAL_TIM_Base_Init  stm32f4xx_hal_tim.o
    0x0800273e   0x0800273e   0x00000002   Code   RO         2445    i.HAL_TIM_Base_MspInit  stm32f4xx_hal_tim.o
    0x08002740   0x08002740   0x0000008c   Code   RO         2448    i.HAL_TIM_Base_Start_IT  stm32f4xx_hal_tim.o
    0x080027cc   0x080027cc   0x000000d2   Code   RO         2515    i.HAL_TIM_PWM_ConfigChannel  stm32f4xx_hal_tim.o
    0x0800289e   0x0800289e   0x0000004a   Code   RO         2518    i.HAL_TIM_PWM_Init  stm32f4xx_hal_tim.o
    0x080028e8   0x080028e8   0x00000050   Code   RO         5109    i.HAL_TIM_PWM_MspInit  timer.o
    0x08002938   0x08002938   0x000000dc   Code   RO         2523    i.HAL_TIM_PWM_Start  stm32f4xx_hal_tim.o
    0x08002a14   0x08002a14   0x00000002   Code   RO         2044    i.HAL_UARTEx_RxEventCallback  stm32f4xx_hal_uart.o
    0x08002a16   0x08002a16   0x00000002   Code   RO         2058    i.HAL_UART_ErrorCallback  stm32f4xx_hal_uart.o
    0x08002a18   0x08002a18   0x0000000c   Code   RO         2060    i.HAL_UART_GetState  stm32f4xx_hal_uart.o
    0x08002a24   0x08002a24   0x000001d0   Code   RO         2061    i.HAL_UART_IRQHandler  stm32f4xx_hal_uart.o
    0x08002bf4   0x08002bf4   0x00000064   Code   RO         2062    i.HAL_UART_Init     stm32f4xx_hal_uart.o
    0x08002c58   0x08002c58   0x00000118   Code   RO          938    i.HAL_UART_MspInit  usart.o
    0x08002d70   0x08002d70   0x0000002e   Code   RO         2067    i.HAL_UART_Receive_IT  stm32f4xx_hal_uart.o
    0x08002d9e   0x08002d9e   0x00000002   PAD
    0x08002da0   0x08002da0   0x000000e0   Code   RO          939    i.HAL_UART_RxCpltCallback  usart.o
    0x08002e80   0x08002e80   0x00000042   Code   RO         2072    i.HAL_UART_Transmit_IT  stm32f4xx_hal_uart.o
    0x08002ec2   0x08002ec2   0x00000002   Code   RO         2073    i.HAL_UART_TxCpltCallback  stm32f4xx_hal_uart.o
    0x08002ec4   0x08002ec4   0x00000002   Code   RO          404    i.HardFault_Handler  stm32f4xx_it.o
    0x08002ec6   0x08002ec6   0x00000002   PAD
    0x08002ec8   0x08002ec8   0x0000005c   Code   RO         4898    i.MAX6675_CS        spi.o
    0x08002f24   0x08002f24   0x00000078   Code   RO         4899    i.MAX6675_ReadTemprature  spi.o
    0x08002f9c   0x08002f9c   0x00000120   Code   RO         4900    i.MAX6675_ReadTemprature_FILTER  spi.o
    0x080030bc   0x080030bc   0x00000002   Code   RO          405    i.MemManage_Handler  stm32f4xx_it.o
    0x080030be   0x080030be   0x00000002   Code   RO          406    i.NMI_Handler       stm32f4xx_it.o
    0x080030c0   0x080030c0   0x00000020   Code   RO          940    i.RS232_Receive_Data  usart.o
    0x080030e0   0x080030e0   0x0000001c   Code   RO          941    i.RS232_Send_Data   usart.o
    0x080030fc   0x080030fc   0x0000005c   Code   RO         4249    i.SPI_EndRxTxTransaction  stm32f4xx_hal_spi.o
    0x08003158   0x08003158   0x000000bc   Code   RO         4256    i.SPI_WaitFlagStateUntilTimeout  stm32f4xx_hal_spi.o
    0x08003214   0x08003214   0x00000018   Code   RO          819    i.SysTick_Handler   delay.o
    0x0800322c   0x0800322c   0x00000010   Code   RO          618    i.SystemInit        system_stm32f4xx.o
    0x0800323c   0x0800323c   0x00000034   Code   RO         5298    i.TIM4_IRQHandler   usmart_port.o
    0x08003270   0x08003270   0x00000044   Code   RO         5110    i.TIM9_PWM_Init     timer.o
    0x080032b4   0x080032b4   0x000000cc   Code   RO         2536    i.TIM_Base_SetConfig  stm32f4xx_hal_tim.o
    0x08003380   0x08003380   0x0000001a   Code   RO         2537    i.TIM_CCxChannelCmd  stm32f4xx_hal_tim.o
    0x0800339a   0x0800339a   0x00000002   PAD
    0x0800339c   0x0800339c   0x00000068   Code   RO         2549    i.TIM_OC1_SetConfig  stm32f4xx_hal_tim.o
    0x08003404   0x08003404   0x00000074   Code   RO         2550    i.TIM_OC2_SetConfig  stm32f4xx_hal_tim.o
    0x08003478   0x08003478   0x00000070   Code   RO         2551    i.TIM_OC3_SetConfig  stm32f4xx_hal_tim.o
    0x080034e8   0x080034e8   0x00000054   Code   RO         2552    i.TIM_OC4_SetConfig  stm32f4xx_hal_tim.o
    0x0800353c   0x0800353c   0x0000000c   Code   RO         5111    i.TIM_SetTIM9Compare2  timer.o
    0x08003548   0x08003548   0x00000010   Code   RO         2075    i.UART_DMAAbortOnError  stm32f4xx_hal_uart.o
    0x08003558   0x08003558   0x00000030   Code   RO         2085    i.UART_EndRxTransfer  stm32f4xx_hal_uart.o
    0x08003588   0x08003588   0x0000001a   Code   RO         2086    i.UART_EndTransmit_IT  stm32f4xx_hal_uart.o
    0x080035a2   0x080035a2   0x000000b2   Code   RO         2088    i.UART_Receive_IT   stm32f4xx_hal_uart.o
    0x08003654   0x08003654   0x00000114   Code   RO         2089    i.UART_SetConfig    stm32f4xx_hal_uart.o
    0x08003768   0x08003768   0x00000036   Code   RO         2091    i.UART_Start_Receive_IT  stm32f4xx_hal_uart.o
    0x0800379e   0x0800379e   0x0000005e   Code   RO         2092    i.UART_Transmit_IT  stm32f4xx_hal_uart.o
    0x080037fc   0x080037fc   0x00000044   Code   RO          942    i.USART1_IRQHandler  usart.o
    0x08003840   0x08003840   0x00000044   Code   RO          943    i.USART3_IRQHandler  usart.o
    0x08003884   0x08003884   0x00000002   Code   RO          407    i.UsageFault_Handler  stm32f4xx_it.o
    0x08003886   0x08003886   0x00000002   PAD
    0x08003888   0x08003888   0x00000020   Code   RO        11324    i.__0printf         mc_w.l(printfa.o)
    0x080038a8   0x080038a8   0x00000028   Code   RO        11326    i.__0sprintf        mc_w.l(printfa.o)
    0x080038d0   0x080038d0   0x00000020   Code   RO         1254    i.__NVIC_SetPriority  stm32f4xx_hal_cortex.o
    0x080038f0   0x080038f0   0x00000008   Code   RO        11418    i.__aeabi_errno_addr  mc_w.l(errno.o)
    0x080038f8   0x080038f8   0x0000000e   Code   RO        11450    i.__scatterload_copy  mc_w.l(handlers.o)
    0x08003906   0x08003906   0x00000002   Code   RO        11451    i.__scatterload_null  mc_w.l(handlers.o)
    0x08003908   0x08003908   0x0000000e   Code   RO        11452    i.__scatterload_zeroinit  mc_w.l(handlers.o)
    0x08003916   0x08003916   0x00000002   PAD
    0x08003918   0x08003918   0x00000184   Code   RO        11331    i._fp_digits        mc_w.l(printfa.o)
    0x08003a9c   0x08003a9c   0x000006b4   Code   RO        11332    i._printf_core      mc_w.l(printfa.o)
    0x08004150   0x08004150   0x00000024   Code   RO        11333    i._printf_post_padding  mc_w.l(printfa.o)
    0x08004174   0x08004174   0x0000002e   Code   RO        11334    i._printf_pre_padding  mc_w.l(printfa.o)
    0x080041a2   0x080041a2   0x0000000a   Code   RO        11336    i._sputc            mc_w.l(printfa.o)
    0x080041ac   0x080041ac   0x0000011c   Code   RO         5756    i.accept_function   api_msg.o
    0x080042c8   0x080042c8   0x00000090   Code   RO         6219    i.alloc_socket      sockets.o
    0x08004358   0x08004358   0x00000170   Code   RO          655    i.controller_relay_task  freertos_demo.o
    0x080044c8   0x080044c8   0x00000030   Code   RO          820    i.delay_init        delay.o
    0x080044f8   0x080044f8   0x0000001a   Code   RO          821    i.delay_ms          delay.o
    0x08004512   0x08004512   0x00000002   PAD
    0x08004514   0x08004514   0x00000038   Code   RO          822    i.delay_us          delay.o
    0x0800454c   0x0800454c   0x00000034   Code   RO         8624    i.dhcp_arp_reply    dhcp.o
    0x08004580   0x08004580   0x00000114   Code   RO         8625    i.dhcp_bind         dhcp.o
    0x08004694   0x08004694   0x00000034   Code   RO         8626    i.dhcp_check        dhcp.o
    0x080046c8   0x080046c8   0x00000064   Code   RO         8628    i.dhcp_coarse_tmr   dhcp.o
    0x0800472c   0x0800472c   0x00000178   Code   RO         8629    i.dhcp_create_msg   dhcp.o
    0x080048a4   0x080048a4   0x00000050   Code   RO         8630    i.dhcp_dec_pcb_refcount  dhcp.o
    0x080048f4   0x080048f4   0x0000009c   Code   RO         8631    i.dhcp_decline      dhcp.o
    0x08004990   0x08004990   0x000000e4   Code   RO         8632    i.dhcp_discover     dhcp.o
    0x08004a74   0x08004a74   0x00000034   Code   RO         8633    i.dhcp_fine_tmr     dhcp.o
    0x08004aa8   0x08004aa8   0x00000094   Code   RO         8634    i.dhcp_handle_ack   dhcp.o
    0x08004b3c   0x08004b3c   0x00000028   Code   RO         8635    i.dhcp_handle_nak   dhcp.o
    0x08004b64   0x08004b64   0x00000034   Code   RO         8636    i.dhcp_handle_offer  dhcp.o
    0x08004b98   0x08004b98   0x00000084   Code   RO         8637    i.dhcp_inc_pcb_refcount  dhcp.o
    0x08004c1c   0x08004c1c   0x00000060   Code   RO         8639    i.dhcp_network_changed  dhcp.o
    0x08004c7c   0x08004c7c   0x00000030   Code   RO         8640    i.dhcp_option       dhcp.o
    0x08004cac   0x08004cac   0x00000054   Code   RO         8641    i.dhcp_option_byte  dhcp.o
    0x08004d00   0x08004d00   0x00000070   Code   RO         8642    i.dhcp_option_long  dhcp.o
    0x08004d70   0x08004d70   0x00000060   Code   RO         8643    i.dhcp_option_short  dhcp.o
    0x08004dd0   0x08004dd0   0x00000030   Code   RO         8644    i.dhcp_option_trailer  dhcp.o
    0x08004e00   0x08004e00   0x000002cc   Code   RO         8645    i.dhcp_parse_reply  dhcp.o
    0x080050cc   0x080050cc   0x000000d4   Code   RO         8646    i.dhcp_rebind       dhcp.o
    0x080051a0   0x080051a0   0x000000f4   Code   RO         8647    i.dhcp_reboot       dhcp.o
    0x08005294   0x08005294   0x000000f8   Code   RO         8648    i.dhcp_recv         dhcp.o
    0x0800538c   0x0800538c   0x000000c8   Code   RO         8650    i.dhcp_release_and_stop  dhcp.o
    0x08005454   0x08005454   0x000000d0   Code   RO         8651    i.dhcp_renew        dhcp.o
    0x08005524   0x08005524   0x0000017c   Code   RO         8652    i.dhcp_select       dhcp.o
    0x080056a0   0x080056a0   0x00000010   Code   RO         8653    i.dhcp_set_state    dhcp.o
    0x080056b0   0x080056b0   0x000000c8   Code   RO         8655    i.dhcp_start        dhcp.o
    0x08005778   0x08005778   0x00000004   Code   RO         8656    i.dhcp_stop         dhcp.o
    0x0800577c   0x0800577c   0x00000022   Code   RO         8657    i.dhcp_supplied_address  dhcp.o
    0x0800579e   0x0800579e   0x0000002a   Code   RO         8658    i.dhcp_t1_timeout   dhcp.o
    0x080057c8   0x080057c8   0x0000002e   Code   RO         8659    i.dhcp_t2_timeout   dhcp.o
    0x080057f6   0x080057f6   0x0000007c   Code   RO         8660    i.dhcp_timeout      dhcp.o
    0x08005872   0x08005872   0x00000002   PAD
    0x08005874   0x08005874   0x00000024   Code   RO         6821    i.dns_backupserver_available  dns.o
    0x08005898   0x08005898   0x00000094   Code   RO         6822    i.dns_call_found    dns.o
    0x0800592c   0x0800592c   0x00000014   Code   RO         6823    i.dns_check_entries  dns.o
    0x08005940   0x08005940   0x000000e8   Code   RO         6824    i.dns_check_entry   dns.o
    0x08005a28   0x08005a28   0x00000030   Code   RO         6827    i.dns_create_txid   dns.o
    0x08005a58   0x08005a58   0x00000002   Code   RO         6832    i.dns_init          dns.o
    0x08005a5a   0x08005a5a   0x00000002   PAD
    0x08005a5c   0x08005a5c   0x0000014c   Code   RO         6835    i.dns_send          dns.o
    0x08005ba8   0x08005ba8   0x00000024   Code   RO         6836    i.dns_setserver     dns.o
    0x08005bcc   0x08005bcc   0x00000004   Code   RO         6838    i.dns_tmr           dns.o
    0x08005bd0   0x08005bd0   0x00000048   Code   RO         7195    i.do_memp_free_pool  memp.o
    0x08005c18   0x08005c18   0x00000058   Code   RO         7196    i.do_memp_malloc_pool  memp.o
    0x08005c70   0x08005c70   0x00000154   Code   RO         5757    i.err_tcp           api_msg.o
    0x08005dc4   0x08005dc4   0x0000001c   Code   RO         5970    i.err_to_errno      err.o
    0x08005de0   0x08005de0   0x0000002c   Code   RO         8851    i.etharp_cleanup_netif  etharp.o
    0x08005e0c   0x08005e0c   0x000001e0   Code   RO         8853    i.etharp_find_entry  etharp.o
    0x08005fec   0x08005fec   0x0000003c   Code   RO         8854    i.etharp_free_entry  etharp.o
    0x08006028   0x08006028   0x000000c4   Code   RO         8856    i.etharp_input      etharp.o
    0x080060ec   0x080060ec   0x00000144   Code   RO         8857    i.etharp_output     etharp.o
    0x08006230   0x08006230   0x000000b0   Code   RO         8858    i.etharp_output_to_arp_index  etharp.o
    0x080062e0   0x080062e0   0x00000190   Code   RO         8859    i.etharp_query      etharp.o
    0x08006470   0x08006470   0x000000fc   Code   RO         8860    i.etharp_raw        etharp.o
    0x0800656c   0x0800656c   0x0000000c   Code   RO         8861    i.etharp_request    etharp.o
    0x08006578   0x08006578   0x00000020   Code   RO         8862    i.etharp_request_dst  etharp.o
    0x08006598   0x08006598   0x00000060   Code   RO         8863    i.etharp_tmr        etharp.o
    0x080065f8   0x080065f8   0x000000b4   Code   RO         8864    i.etharp_update_arp_entry  etharp.o
    0x080066ac   0x080066ac   0x00000012   Code   RO         4816    i.ethernet_chip_get_speed  ethernet.o
    0x080066be   0x080066be   0x0000001e   Code   RO         4817    i.ethernet_get_eth_rx_size  ethernet.o
    0x080066dc   0x080066dc   0x00000064   Code   RO         4818    i.ethernet_init     ethernet.o
    0x08006740   0x08006740   0x000000a8   Code   RO         9221    i.ethernet_input    ethernet_1.o
    0x080067e8   0x080067e8   0x00000048   Code   RO         4820    i.ethernet_mem_malloc  ethernet.o
    0x08006830   0x08006830   0x0000008c   Code   RO         9222    i.ethernet_output   ethernet_1.o
    0x080068bc   0x080068bc   0x00000014   Code   RO         4821    i.ethernet_read_phy  ethernet.o
    0x080068d0   0x080068d0   0x0000005c   Code   RO         9261    i.ethernetif_init   ethernetif.o
    0x0800692c   0x0800692c   0x00000050   Code   RO         9262    i.ethernetif_input  ethernetif.o
    0x0800697c   0x0800697c   0x000000e4   Code   RO         6220    i.event_callback    sockets.o
    0x08006a60   0x08006a60   0x00000014   Code   RO          947    i.fputc             usart.o
    0x08006a74   0x08006a74   0x00000050   Code   RO        11352    i.free              mc_w.l(malloc.o)
    0x08006ac4   0x08006ac4   0x00000030   Code   RO         6221    i.free_socket       sockets.o
    0x08006af4   0x08006af4   0x00000028   Code   RO         6222    i.free_socket_free_elements  sockets.o
    0x08006b1c   0x08006b1c   0x00000012   Code   RO         6223    i.free_socket_locked  sockets.o
    0x08006b2e   0x08006b2e   0x00000002   PAD
    0x08006b30   0x08006b30   0x00000034   Code   RO          656    i.freertos_demo     freertos_demo.o
    0x08006b64   0x08006b64   0x00000018   Code   RO         6224    i.get_socket        sockets.o
    0x08006b7c   0x08006b7c   0x00000008   Code   RO         8954    i.icmp_dest_unreach  icmp.o
    0x08006b84   0x08006b84   0x000001b4   Code   RO         8955    i.icmp_input        icmp.o
    0x08006d38   0x08006d38   0x000000bc   Code   RO         8956    i.icmp_send_response  icmp.o
    0x08006df4   0x08006df4   0x00000008   Code   RO         8957    i.icmp_time_exceeded  icmp.o
    0x08006dfc   0x08006dfc   0x0000004a   Code   RO         6967    i.inet_chksum_pbuf  inet_chksum.o
    0x08006e46   0x08006e46   0x00000040   Code   RO         9071    i.ip4_addr_isbroadcast_u32  ip4_addr.o
    0x08006e86   0x08006e86   0x00000002   PAD
    0x08006e88   0x08006e88   0x000001f8   Code   RO         9140    i.ip4_frag          ip4_frag.o
    0x08007080   0x08007080   0x000001c0   Code   RO         9016    i.ip4_input         ip4.o
    0x08007240   0x08007240   0x0000002c   Code   RO         9017    i.ip4_input_accept  ip4.o
    0x0800726c   0x0800726c   0x00000022   Code   RO         9019    i.ip4_output_if     ip4.o
    0x0800728e   0x0800728e   0x00000002   PAD
    0x08007290   0x08007290   0x00000110   Code   RO         9020    i.ip4_output_if_src  ip4.o
    0x080073a0   0x080073a0   0x000001e0   Code   RO         9141    i.ip4_reass         ip4_frag.o
    0x08007580   0x08007580   0x00000060   Code   RO         9021    i.ip4_route         ip4.o
    0x080075e0   0x080075e0   0x0000000c   Code   RO         9074    i.ip4addr_ntoa      ip4_addr.o
    0x080075ec   0x080075ec   0x00000086   Code   RO         9075    i.ip4addr_ntoa_r    ip4_addr.o
    0x08007672   0x08007672   0x00000006   Code   RO         9142    i.ip_frag_alloc_pbuf_custom_ref  ip4_frag.o
    0x08007678   0x08007678   0x00000028   Code   RO         9143    i.ip_frag_free_pbuf_custom_ref  ip4_frag.o
    0x080076a0   0x080076a0   0x000001dc   Code   RO         9144    i.ip_reass_chain_frag_into_datagram_and_validate  ip4_frag.o
    0x0800787c   0x0800787c   0x0000004c   Code   RO         9145    i.ip_reass_dequeue_datagram  ip4_frag.o
    0x080078c8   0x080078c8   0x00000054   Code   RO         9146    i.ip_reass_enqueue_new_datagram  ip4_frag.o
    0x0800791c   0x0800791c   0x00000118   Code   RO         9147    i.ip_reass_free_complete_datagram  ip4_frag.o
    0x08007a34   0x08007a34   0x00000088   Code   RO         9148    i.ip_reass_remove_oldest_datagram  ip4_frag.o
    0x08007abc   0x08007abc   0x0000002c   Code   RO         9149    i.ip_reass_tmr      ip4_frag.o
    0x08007ae8   0x08007ae8   0x0000002c   Code   RO         9150    i.ipfrag_free_pbuf_custom  ip4_frag.o
    0x08007b14   0x08007b14   0x00000030   Code   RO         4565    i.lcd_clear         lcd.o
    0x08007b44   0x08007b44   0x000000cc   Code   RO         4567    i.lcd_display_dir   lcd.o
    0x08007c10   0x08007c10   0x00000018   Code   RO         4573    i.lcd_draw_point    lcd.o
    0x08007c28   0x08007c28   0x0000022e   Code   RO         4575    i.lcd_ex_ili9341_reginit  lcd.o
    0x08007e56   0x08007e56   0x00000ef4   Code   RO         4576    i.lcd_ex_nt35310_reginit  lcd.o
    0x08008d4a   0x08008d4a   0x00000efa   Code   RO         4577    i.lcd_ex_nt35510_reginit  lcd.o
    0x08009c44   0x08009c44   0x00000170   Code   RO         4578    i.lcd_ex_ssd1963_reginit  lcd.o
    0x08009db4   0x08009db4   0x000001aa   Code   RO         4579    i.lcd_ex_st7789_reginit  lcd.o
    0x08009f5e   0x08009f5e   0x00000044   Code   RO         4580    i.lcd_fill          lcd.o
    0x08009fa2   0x08009fa2   0x00000002   PAD
    0x08009fa4   0x08009fa4   0x000002dc   Code   RO         4582    i.lcd_init          lcd.o
    0x0800a280   0x0800a280   0x00000014   Code   RO         4585    i.lcd_rd_data       lcd.o
    0x0800a294   0x0800a294   0x000001ac   Code   RO         4587    i.lcd_scan_dir      lcd.o
    0x0800a440   0x0800a440   0x00000104   Code   RO         4588    i.lcd_set_cursor    lcd.o
    0x0800a544   0x0800a544   0x000000ec   Code   RO         4590    i.lcd_show_char     lcd.o
    0x0800a630   0x0800a630   0x00000054   Code   RO         4592    i.lcd_show_string   lcd.o
    0x0800a684   0x0800a684   0x00000050   Code   RO         4594    i.lcd_ssd_backlight_set  lcd.o
    0x0800a6d4   0x0800a6d4   0x00000018   Code   RO         4595    i.lcd_wr_data       lcd.o
    0x0800a6ec   0x0800a6ec   0x00000018   Code   RO         4596    i.lcd_wr_regno      lcd.o
    0x0800a704   0x0800a704   0x00000014   Code   RO         4597    i.lcd_write_ram_prepare  lcd.o
    0x0800a718   0x0800a718   0x0000000c   Code   RO         4598    i.lcd_write_reg     lcd.o
    0x0800a724   0x0800a724   0x000000e8   Code   RO         4540    i.led_init          led.o
    0x0800a80c   0x0800a80c   0x00000020   Code   RO          657    i.led_task          freertos_demo.o
    0x0800a82c   0x0800a82c   0x000000a8   Code   RO         9263    i.low_level_init    ethernetif.o
    0x0800a8d4   0x0800a8d4   0x000000c0   Code   RO         9264    i.low_level_input   ethernetif.o
    0x0800a994   0x0800a994   0x000000b0   Code   RO         9265    i.low_level_output  ethernetif.o
    0x0800aa44   0x0800aa44   0x0000016c   Code   RO         6225    i.lwip_accept       sockets.o
    0x0800abb0   0x0800abb0   0x0000008c   Code   RO         6226    i.lwip_bind         sockets.o
    0x0800ac3c   0x0800ac3c   0x00000070   Code   RO         6227    i.lwip_close        sockets.o
    0x0800acac   0x0800acac   0x00000050   Code   RO         9339    i.lwip_comm_default_ip_set  lwip_comm.o
    0x0800acfc   0x0800acfc   0x000000f8   Code   RO         9340    i.lwip_comm_init    lwip_comm.o
    0x0800adf4   0x0800adf4   0x00000040   Code   RO         8387    i.lwip_cyclic_timer  timeouts.o
    0x0800ae34   0x0800ae34   0x0000002c   Code   RO          658    i.lwip_demo_task    freertos_demo.o
    0x0800ae60   0x0800ae60   0x00000018   Code   RO         6765    i.lwip_htonl        def.o
    0x0800ae78   0x0800ae78   0x0000000a   Code   RO         6766    i.lwip_htons        def.o
    0x0800ae82   0x0800ae82   0x00000026   Code   RO         7039    i.lwip_init         init.o
    0x0800aea8   0x0800aea8   0x00000070   Code   RO         9341    i.lwip_link_status_updated  lwip_comm.o
    0x0800af18   0x0800af18   0x00000074   Code   RO         9342    i.lwip_link_thread  lwip_comm.o
    0x0800af8c   0x0800af8c   0x00000058   Code   RO         6239    i.lwip_listen       sockets.o
    0x0800afe4   0x0800afe4   0x00000038   Code   RO         5758    i.lwip_netconn_do_bind  api_msg.o
    0x0800b01c   0x0800b01c   0x000000c8   Code   RO         5760    i.lwip_netconn_do_close  api_msg.o
    0x0800b0e4   0x0800b0e4   0x0000027c   Code   RO         5761    i.lwip_netconn_do_close_internal  api_msg.o
    0x0800b360   0x0800b360   0x00000150   Code   RO         5764    i.lwip_netconn_do_delconn  api_msg.o
    0x0800b4b0   0x0800b4b0   0x000000a0   Code   RO         5767    i.lwip_netconn_do_getaddr  api_msg.o
    0x0800b550   0x0800b550   0x000000b8   Code   RO         5769    i.lwip_netconn_do_listen  api_msg.o
    0x0800b608   0x0800b608   0x00000012   Code   RO         5770    i.lwip_netconn_do_newconn  api_msg.o
    0x0800b61a   0x0800b61a   0x00000046   Code   RO         5771    i.lwip_netconn_do_recv  api_msg.o
    0x0800b660   0x0800b660   0x00000042   Code   RO         5772    i.lwip_netconn_do_send  api_msg.o
    0x0800b6a2   0x0800b6a2   0x00000002   PAD
    0x0800b6a4   0x0800b6a4   0x000000d0   Code   RO         5773    i.lwip_netconn_do_write  api_msg.o
    0x0800b774   0x0800b774   0x00000308   Code   RO         5774    i.lwip_netconn_do_writemore  api_msg.o
    0x0800ba7c   0x0800ba7c   0x00000044   Code   RO         5775    i.lwip_netconn_err_to_msg  api_msg.o
    0x0800bac0   0x0800bac0   0x00000054   Code   RO         5776    i.lwip_netconn_is_err_msg  api_msg.o
    0x0800bb14   0x0800bb14   0x00000340   Code   RO         9343    i.lwip_periodic_handle  lwip_comm.o
    0x0800be54   0x0800be54   0x0000002c   Code   RO         9344    i.lwip_pkt_handle   lwip_comm.o
    0x0800be80   0x0800be80   0x00000044   Code   RO         6241    i.lwip_poll_should_wake  sockets.o
    0x0800bec4   0x0800bec4   0x0000000e   Code   RO         6245    i.lwip_recv         sockets.o
    0x0800bed2   0x0800bed2   0x00000002   PAD
    0x0800bed4   0x0800bed4   0x00000188   Code   RO         6246    i.lwip_recv_tcp     sockets.o
    0x0800c05c   0x0800c05c   0x00000036   Code   RO         6247    i.lwip_recv_tcp_from  sockets.o
    0x0800c092   0x0800c092   0x00000002   PAD
    0x0800c094   0x0800c094   0x000000d8   Code   RO         6248    i.lwip_recvfrom     sockets.o
    0x0800c16c   0x0800c16c   0x00000118   Code   RO         6249    i.lwip_recvfrom_udp_raw  sockets.o
    0x0800c284   0x0800c284   0x0000007c   Code   RO         6253    i.lwip_send         sockets.o
    0x0800c300   0x0800c300   0x000000f4   Code   RO         6255    i.lwip_sendto       sockets.o
    0x0800c3f4   0x0800c3f4   0x00000068   Code   RO         6256    i.lwip_setsockopt   sockets.o
    0x0800c45c   0x0800c45c   0x0000023c   Code   RO         6257    i.lwip_setsockopt_impl  sockets.o
    0x0800c698   0x0800c698   0x000000a4   Code   RO         6259    i.lwip_sock_make_addr  sockets.o
    0x0800c73c   0x0800c73c   0x0000007c   Code   RO         6260    i.lwip_socket       sockets.o
    0x0800c7b8   0x0800c7b8   0x0000003c   Code   RO         6264    i.lwip_sockopt_to_ipopt  sockets.o
    0x0800c7f4   0x0800c7f4   0x00000056   Code   RO         6974    i.lwip_standard_chksum  inet_chksum.o
    0x0800c84a   0x0800c84a   0x00000002   PAD
    0x0800c84c   0x0800c84c   0x00000174   Code   RO          659    i.lwip_test_ui      freertos_demo.o
    0x0800c9c0   0x0800c9c0   0x00000006   Code   RO         6266    i.lwip_write        sockets.o
    0x0800c9c6   0x0800c9c6   0x0000000a   Code   RO           13    i.main              main.o
    0x0800c9d0   0x0800c9d0   0x0000014c   Code   RO         7117    i.mem_free          mem.o
    0x0800cb1c   0x0800cb1c   0x00000068   Code   RO         7118    i.mem_init          mem.o
    0x0800cb84   0x0800cb84   0x00000050   Code   RO         7119    i.mem_link_valid    mem.o
    0x0800cbd4   0x0800cbd4   0x000001e0   Code   RO         7120    i.mem_malloc        mem.o
    0x0800cdb4   0x0800cdb4   0x00000010   Code   RO         7121    i.mem_to_ptr        mem.o
    0x0800cdc4   0x0800cdc4   0x0000018c   Code   RO         7122    i.mem_trim          mem.o
    0x0800cf50   0x0800cf50   0x0000003c   Code   RO         7197    i.memp_free         memp.o
    0x0800cf8c   0x0800cf8c   0x0000001c   Code   RO         7199    i.memp_init         memp.o
    0x0800cfa8   0x0800cfa8   0x0000002a   Code   RO         7200    i.memp_init_pool    memp.o
    0x0800cfd2   0x0800cfd2   0x00000002   PAD
    0x0800cfd4   0x0800cfd4   0x00000044   Code   RO         7201    i.memp_malloc       memp.o
    0x0800d018   0x0800d018   0x0000005c   Code   RO         5434    i.my_mem_free       malloc.o
    0x0800d074   0x0800d074   0x0000002c   Code   RO         5435    i.my_mem_init       malloc.o
    0x0800d0a0   0x0800d0a0   0x0000009c   Code   RO         5436    i.my_mem_malloc     malloc.o
    0x0800d13c   0x0800d13c   0x0000003c   Code   RO         5437    i.my_mem_perused    malloc.o
    0x0800d178   0x0800d178   0x0000000e   Code   RO         5438    i.my_mem_set        malloc.o
    0x0800d186   0x0800d186   0x00000002   PAD
    0x0800d188   0x0800d188   0x00000018   Code   RO         5439    i.myfree            malloc.o
    0x0800d1a0   0x0800d1a0   0x00000024   Code   RO         5440    i.mymalloc          malloc.o
    0x0800d1c4   0x0800d1c4   0x00000024   Code   RO         6063    i.netbuf_delete     netbuf.o
    0x0800d1e8   0x0800d1e8   0x00000040   Code   RO         6065    i.netbuf_free       netbuf.o
    0x0800d228   0x0800d228   0x00000060   Code   RO         6068    i.netbuf_ref        netbuf.o
    0x0800d288   0x0800d288   0x000000e0   Code   RO         5516    i.netconn_accept    api_lib.o
    0x0800d368   0x0800d368   0x000000a4   Code   RO         5777    i.netconn_alloc     api_msg.o
    0x0800d40c   0x0800d40c   0x0000001c   Code   RO         5517    i.netconn_apimsg    api_lib.o
    0x0800d428   0x0800d428   0x00000054   Code   RO         5518    i.netconn_bind      api_lib.o
    0x0800d47c   0x0800d47c   0x0000004c   Code   RO         5521    i.netconn_close_shutdown  api_lib.o
    0x0800d4c8   0x0800d4c8   0x00000022   Code   RO         5523    i.netconn_delete    api_lib.o
    0x0800d4ea   0x0800d4ea   0x0000009c   Code   RO         5778    i.netconn_drain     api_msg.o
    0x0800d586   0x0800d586   0x00000020   Code   RO         5525    i.netconn_err       api_lib.o
    0x0800d5a6   0x0800d5a6   0x00000002   PAD
    0x0800d5a8   0x0800d5a8   0x000000f0   Code   RO         5779    i.netconn_free      api_msg.o
    0x0800d698   0x0800d698   0x000000a8   Code   RO         5526    i.netconn_getaddr   api_lib.o
    0x0800d740   0x0800d740   0x00000048   Code   RO         5528    i.netconn_listen_with_backlog  api_lib.o
    0x0800d788   0x0800d788   0x00000100   Code   RO         5529    i.netconn_new_with_proto_and_callback  api_lib.o
    0x0800d888   0x0800d888   0x00000028   Code   RO         5530    i.netconn_prepare_delete  api_lib.o
    0x0800d8b0   0x0800d8b0   0x0000012c   Code   RO         5532    i.netconn_recv_data  api_lib.o
    0x0800d9dc   0x0800d9dc   0x0000009e   Code   RO         5533    i.netconn_recv_data_tcp  api_lib.o
    0x0800da7a   0x0800da7a   0x00000002   PAD
    0x0800da7c   0x0800da7c   0x00000048   Code   RO         5535    i.netconn_recv_tcp_pbuf_flags  api_lib.o
    0x0800dac4   0x0800dac4   0x00000050   Code   RO         5537    i.netconn_recv_udp_raw_netbuf_flags  api_lib.o
    0x0800db14   0x0800db14   0x00000044   Code   RO         5538    i.netconn_send      api_lib.o
    0x0800db58   0x0800db58   0x0000004c   Code   RO         5541    i.netconn_tcp_recvd  api_lib.o
    0x0800dba4   0x0800dba4   0x00000058   Code   RO         5542    i.netconn_tcp_recvd_msg  api_lib.o
    0x0800dbfc   0x0800dbfc   0x00000014   Code   RO         5543    i.netconn_write_partly  api_lib.o
    0x0800dc10   0x0800dc10   0x00000130   Code   RO         5544    i.netconn_write_vectors_partly  api_lib.o
    0x0800dd40   0x0800dd40   0x0000016c   Code   RO         7355    i.netif_add         netif.o
    0x0800deac   0x0800deac   0x0000001a   Code   RO         7357    i.netif_do_ip_addr_changed  netif.o
    0x0800dec6   0x0800dec6   0x00000016   Code   RO         7358    i.netif_do_set_gw   netif.o
    0x0800dedc   0x0800dedc   0x0000005c   Code   RO         7359    i.netif_do_set_ipaddr  netif.o
    0x0800df38   0x0800df38   0x00000016   Code   RO         7360    i.netif_do_set_netmask  netif.o
    0x0800df4e   0x0800df4e   0x00000002   PAD
    0x0800df50   0x0800df50   0x00000050   Code   RO         7361    i.netif_find        netif.o
    0x0800dfa0   0x0800dfa0   0x00000028   Code   RO         7362    i.netif_get_by_index  netif.o
    0x0800dfc8   0x0800dfc8   0x00000002   Code   RO         7364    i.netif_init        netif.o
    0x0800dfca   0x0800dfca   0x00000002   PAD
    0x0800dfcc   0x0800dfcc   0x0000005c   Code   RO         7366    i.netif_issue_reports  netif.o
    0x0800e028   0x0800e028   0x00000006   Code   RO         7368    i.netif_null_output_ip4  netif.o
    0x0800e02e   0x0800e02e   0x00000002   PAD
    0x0800e030   0x0800e030   0x00000064   Code   RO         7370    i.netif_set_addr    netif.o
    0x0800e094   0x0800e094   0x0000000c   Code   RO         7371    i.netif_set_default  netif.o
    0x0800e0a0   0x0800e0a0   0x00000044   Code   RO         7372    i.netif_set_down    netif.o
    0x0800e0e4   0x0800e0e4   0x00000008   Code   RO         7375    i.netif_set_link_callback  netif.o
    0x0800e0ec   0x0800e0ec   0x00000048   Code   RO         7376    i.netif_set_link_down  netif.o
    0x0800e134   0x0800e134   0x00000064   Code   RO         7377    i.netif_set_link_up  netif.o
    0x0800e198   0x0800e198   0x00000040   Code   RO         7379    i.netif_set_up      netif.o
    0x0800e1d8   0x0800e1d8   0x00000006   Code   RO         7547    i.pbuf_add_header   pbuf.o
    0x0800e1de   0x0800e1de   0x00000002   PAD
    0x0800e1e0   0x0800e1e0   0x00000070   Code   RO         7549    i.pbuf_add_header_impl  pbuf.o
    0x0800e250   0x0800e250   0x000001c4   Code   RO         7550    i.pbuf_alloc        pbuf.o
    0x0800e414   0x0800e414   0x00000054   Code   RO         7551    i.pbuf_alloc_reference  pbuf.o
    0x0800e468   0x0800e468   0x00000036   Code   RO         7552    i.pbuf_alloced_custom  pbuf.o
    0x0800e49e   0x0800e49e   0x00000002   PAD
    0x0800e4a0   0x0800e4a0   0x000000c4   Code   RO         7553    i.pbuf_cat          pbuf.o
    0x0800e564   0x0800e564   0x00000014   Code   RO         7554    i.pbuf_chain        pbuf.o
    0x0800e578   0x0800e578   0x00000012   Code   RO         7555    i.pbuf_clen         pbuf.o
    0x0800e58a   0x0800e58a   0x00000002   PAD
    0x0800e58c   0x0800e58c   0x00000040   Code   RO         7556    i.pbuf_clone        pbuf.o
    0x0800e5cc   0x0800e5cc   0x0000003c   Code   RO         7558    i.pbuf_copy         pbuf.o
    0x0800e608   0x0800e608   0x000000bc   Code   RO         7559    i.pbuf_copy_partial  pbuf.o
    0x0800e6c4   0x0800e6c4   0x000001e8   Code   RO         7560    i.pbuf_copy_partial_pbuf  pbuf.o
    0x0800e8ac   0x0800e8ac   0x000000f4   Code   RO         7562    i.pbuf_free         pbuf.o
    0x0800e9a0   0x0800e9a0   0x00000034   Code   RO         7563    i.pbuf_free_header  pbuf.o
    0x0800e9d4   0x0800e9d4   0x00000006   Code   RO         7567    i.pbuf_header_force  pbuf.o
    0x0800e9da   0x0800e9da   0x0000000e   Code   RO         7568    i.pbuf_header_impl  pbuf.o
    0x0800e9e8   0x0800e9e8   0x0000001c   Code   RO         7569    i.pbuf_init_alloced_pbuf  pbuf.o
    0x0800ea04   0x0800ea04   0x0000001e   Code   RO         7572    i.pbuf_put_at       pbuf.o
    0x0800ea22   0x0800ea22   0x00000002   PAD
    0x0800ea24   0x0800ea24   0x000000c0   Code   RO         7573    i.pbuf_realloc      pbuf.o
    0x0800eae4   0x0800eae4   0x0000003c   Code   RO         7574    i.pbuf_ref          pbuf.o
    0x0800eb20   0x0800eb20   0x00000074   Code   RO         7575    i.pbuf_remove_header  pbuf.o
    0x0800eb94   0x0800eb94   0x00000004   Code   RO         7576    i.pbuf_skip         pbuf.o
    0x0800eb98   0x0800eb98   0x00000018   Code   RO         7577    i.pbuf_skip_const   pbuf.o
    0x0800ebb0   0x0800ebb0   0x00000100   Code   RO         7579    i.pbuf_take         pbuf.o
    0x0800ecb0   0x0800ecb0   0x0000007c   Code   RO         7580    i.pbuf_take_at      pbuf.o
    0x0800ed2c   0x0800ed2c   0x00000094   Code   RO         5780    i.pcb_new           api_msg.o
    0x0800edc0   0x0800edc0   0x00000128   Code   RO         7123    i.plug_holes        mem.o
    0x0800eee8   0x0800eee8   0x00000080   Code   RO         5781    i.poll_tcp          api_msg.o
    0x0800ef68   0x0800ef68   0x00000094   Code   RO        10279    i.prvAddCurrentTaskToDelayedList  tasks.o
    0x0800effc   0x0800effc   0x000000ac   Code   RO        10280    i.prvAddNewTaskToReadyList  tasks.o
    0x0800f0a8   0x0800f0a8   0x00000050   Code   RO        10704    i.prvCheckForValidListAndQueue  timers.o
    0x0800f0f8   0x0800f0f8   0x0000003c   Code   RO        10281    i.prvCheckTasksWaitingTermination  tasks.o
    0x0800f134   0x0800f134   0x00000028   Code   RO         9842    i.prvCopyDataFromQueue  queue.o
    0x0800f15c   0x0800f15c   0x0000006e   Code   RO         9843    i.prvCopyDataToQueue  queue.o
    0x0800f1ca   0x0800f1ca   0x00000014   Code   RO        10282    i.prvDeleteTCB      tasks.o
    0x0800f1de   0x0800f1de   0x00000014   Code   RO         9844    i.prvGetDisinheritPriorityAfterTimeout  queue.o
    0x0800f1f2   0x0800f1f2   0x00000002   PAD
    0x0800f1f4   0x0800f1f4   0x00000024   Code   RO        10705    i.prvGetNextExpireTime  timers.o
    0x0800f218   0x0800f218   0x0000004c   Code   RO        10878    i.prvHeapInit       heap_4.o
    0x0800f264   0x0800f264   0x00000028   Code   RO        10283    i.prvIdleTask       tasks.o
    0x0800f28c   0x0800f28c   0x00000018   Code   RO         9845    i.prvInitialiseMutex  queue.o
    0x0800f2a4   0x0800f2a4   0x00000026   Code   RO         9846    i.prvInitialiseNewQueue  queue.o
    0x0800f2ca   0x0800f2ca   0x00000002   PAD
    0x0800f2cc   0x0800f2cc   0x000000e8   Code   RO        10284    i.prvInitialiseNewTask  tasks.o
    0x0800f3b4   0x0800f3b4   0x00000058   Code   RO        10285    i.prvInitialiseTaskLists  tasks.o
    0x0800f40c   0x0800f40c   0x00000054   Code   RO        10879    i.prvInsertBlockIntoFreeList  heap_4.o
    0x0800f460   0x0800f460   0x00000040   Code   RO        10707    i.prvInsertTimerInActiveList  timers.o
    0x0800f4a0   0x0800f4a0   0x0000001a   Code   RO         9847    i.prvIsQueueEmpty   queue.o
    0x0800f4ba   0x0800f4ba   0x0000001e   Code   RO         9848    i.prvIsQueueFull    queue.o
    0x0800f4d8   0x0800f4d8   0x000000ac   Code   RO         9849    i.prvNotifyQueueSetContainer  queue.o
    0x0800f584   0x0800f584   0x00000040   Code   RO        10708    i.prvProcessExpiredTimer  timers.o
    0x0800f5c4   0x0800f5c4   0x00000128   Code   RO        10709    i.prvProcessReceivedCommands  timers.o
    0x0800f6ec   0x0800f6ec   0x0000006c   Code   RO        10710    i.prvProcessTimerOrBlockTask  timers.o
    0x0800f758   0x0800f758   0x00000028   Code   RO        10711    i.prvReloadTimer    timers.o
    0x0800f780   0x0800f780   0x00000020   Code   RO        10287    i.prvResetNextTaskUnblockTime  tasks.o
    0x0800f7a0   0x0800f7a0   0x0000002c   Code   RO        10712    i.prvSampleTimeNow  timers.o
    0x0800f7cc   0x0800f7cc   0x0000002c   Code   RO        10713    i.prvSwitchTimerLists  timers.o
    0x0800f7f8   0x0800f7f8   0x00000074   Code   RO        10946    i.prvTaskExitError  port.o
    0x0800f86c   0x0800f86c   0x00000014   Code   RO        10714    i.prvTimerTask      timers.o
    0x0800f880   0x0800f880   0x0000007c   Code   RO         9850    i.prvUnlockQueue    queue.o
    0x0800f8fc   0x0800f8fc   0x0000000c   Code   RO         7124    i.ptr_to_mem        mem.o
    0x0800f908   0x0800f908   0x00000134   Code   RO        10880    i.pvPortMalloc      heap_4.o
    0x0800fa3c   0x0800fa3c   0x00000018   Code   RO        10292    i.pvTaskIncrementMutexHeldCount  tasks.o
    0x0800fa54   0x0800fa54   0x00000024   Code   RO        10947    i.pxPortInitialiseStack  port.o
    0x0800fa78   0x0800fa78   0x00000060   Code   RO         4901    i.quickSort         spi.o
    0x0800fad8   0x0800fad8   0x00000004   Code   RO         5205    i.read_addr         usmart.o
    0x0800fadc   0x0800fadc   0x0000003c   Code   RO         5059    i.recv_data_from_PC  zzh.o
    0x0800fb18   0x0800fb18   0x00000108   Code   RO         5782    i.recv_tcp          api_msg.o
    0x0800fc20   0x0800fc20   0x00000108   Code   RO         5783    i.recv_udp          api_msg.o
    0x0800fd28   0x0800fd28   0x00000054   Code   RO          660    i.rs232_TASK        freertos_demo.o
    0x0800fd7c   0x0800fd7c   0x000000a4   Code   RO         6268    i.select_check_waiters  sockets.o
    0x0800fe20   0x0800fe20   0x00000070   Code   RO         5060    i.send_data_to_pc   zzh.o
    0x0800fe90   0x0800fe90   0x00000074   Code   RO         5784    i.sent_tcp          api_msg.o
    0x0800ff04   0x0800ff04   0x00000044   Code   RO         5785    i.setup_tcp         api_msg.o
    0x0800ff48   0x0800ff48   0x0000005c   Code   RO         4902    i.spi1_MAX6675_init  spi.o
    0x0800ffa4   0x0800ffa4   0x0000005c   Code   RO         4904    i.spi2_MAX6675_init  spi.o
    0x08010000   0x08010000   0x0000001e   Code   RO         4905    i.spi_read_write_byte  spi.o
    0x0801001e   0x0801001e   0x00000002   PAD
    0x08010020   0x08010020   0x00000168   Code   RO         5151    i.sram_init         sram.o
    0x08010188   0x08010188   0x0000021c   Code   RO          661    i.start_task        freertos_demo.o
    0x080103a4   0x080103a4   0x00000010   Code   RO         5061    i.string_to_u16     zzh.o
    0x080103b4   0x080103b4   0x00000098   Code   RO         9481    i.sys_arch_mbox_fetch  sys_arch.o
    0x0801044c   0x0801044c   0x00000078   Code   RO         9482    i.sys_arch_mbox_tryfetch  sys_arch.o
    0x080104c4   0x080104c4   0x0000000a   Code   RO         9484    i.sys_arch_protect  sys_arch.o
    0x080104ce   0x080104ce   0x00000002   PAD
    0x080104d0   0x080104d0   0x00000088   Code   RO         9485    i.sys_arch_sem_wait  sys_arch.o
    0x08010558   0x08010558   0x00000004   Code   RO         9486    i.sys_arch_unprotect  sys_arch.o
    0x0801055c   0x0801055c   0x00000044   Code   RO         8388    i.sys_check_timeouts  timeouts.o
    0x080105a0   0x080105a0   0x00000002   Code   RO         9487    i.sys_init          sys_arch.o
    0x080105a2   0x080105a2   0x00000002   PAD
    0x080105a4   0x080105a4   0x00000048   Code   RO         9489    i.sys_mbox_free     sys_arch.o
    0x080105ec   0x080105ec   0x00000050   Code   RO         9490    i.sys_mbox_new      sys_arch.o
    0x0801063c   0x0801063c   0x00000074   Code   RO         9492    i.sys_mbox_trypost  sys_arch.o
    0x080106b0   0x080106b0   0x00000074   Code   RO         9495    i.sys_mutex_lock    sys_arch.o
    0x08010724   0x08010724   0x00000034   Code   RO         9496    i.sys_mutex_new     sys_arch.o
    0x08010758   0x08010758   0x00000070   Code   RO         9497    i.sys_mutex_unlock  sys_arch.o
    0x080107c8   0x080107c8   0x00000004   Code   RO         9498    i.sys_now           sys_arch.o
    0x080107cc   0x080107cc   0x00000044   Code   RO         9499    i.sys_sem_free      sys_arch.o
    0x08010810   0x08010810   0x000000a4   Code   RO         9500    i.sys_sem_new       sys_arch.o
    0x080108b4   0x080108b4   0x0000007c   Code   RO         9501    i.sys_sem_signal    sys_arch.o
    0x08010930   0x08010930   0x00000098   Code   RO          869    i.sys_stm32_clock_init  sys.o
    0x080109c8   0x080109c8   0x00000068   Code   RO         9502    i.sys_thread_new    sys_arch.o
    0x08010a30   0x08010a30   0x00000060   Code   RO         8390    i.sys_timeout       timeouts.o
    0x08010a90   0x08010a90   0x000000a0   Code   RO         8391    i.sys_timeout_abs   timeouts.o
    0x08010b30   0x08010b30   0x00000024   Code   RO         8392    i.sys_timeouts_init  timeouts.o
    0x08010b54   0x08010b54   0x00000028   Code   RO         8393    i.sys_timeouts_sleeptime  timeouts.o
    0x08010b7c   0x08010b7c   0x0000013c   Code   RO         7825    i.tcp_abandon       tcp.o
    0x08010cb8   0x08010cb8   0x00000006   Code   RO         7826    i.tcp_abort         tcp.o
    0x08010cbe   0x08010cbe   0x0000000e   Code   RO         7827    i.tcp_accept        tcp.o
    0x08010ccc   0x08010ccc   0x0000003c   Code   RO         7828    i.tcp_accept_null   tcp.o
    0x08010d08   0x08010d08   0x000000ac   Code   RO         7829    i.tcp_alloc         tcp.o
    0x08010db4   0x08010db4   0x00000008   Code   RO         7830    i.tcp_arg           tcp.o
    0x08010dbc   0x08010dbc   0x000000e0   Code   RO         7831    i.tcp_bind          tcp.o
    0x08010e9c   0x08010e9c   0x00000014   Code   RO         7832    i.tcp_bind_netif    tcp.o
    0x08010eb0   0x08010eb0   0x00000044   Code   RO         7833    i.tcp_close         tcp.o
    0x08010ef4   0x08010ef4   0x00000150   Code   RO         7834    i.tcp_close_shutdown  tcp.o
    0x08011044   0x08011044   0x00000078   Code   RO         7835    i.tcp_close_shutdown_fin  tcp.o
    0x080110bc   0x080110bc   0x00000120   Code   RO         8227    i.tcp_create_segment  tcp_out.o
    0x080111dc   0x080111dc   0x0000005c   Code   RO         7838    i.tcp_eff_send_mss_netif  tcp.o
    0x08011238   0x08011238   0x000001bc   Code   RO         8228    i.tcp_enqueue_flags  tcp_out.o
    0x080113f4   0x080113f4   0x00000044   Code   RO         7839    i.tcp_err           tcp.o
    0x08011438   0x08011438   0x0000006c   Code   RO         7840    i.tcp_fasttmr       tcp.o
    0x080114a4   0x080114a4   0x00000030   Code   RO         7841    i.tcp_free          tcp.o
    0x080114d4   0x080114d4   0x000000d8   Code   RO         8143    i.tcp_free_acked_segments  tcp_in.o
    0x080115ac   0x080115ac   0x00000038   Code   RO         7842    i.tcp_free_listen   tcp.o
    0x080115e4   0x080115e4   0x00000028   Code   RO         8144    i.tcp_get_next_optbyte  tcp_in.o
    0x0801160c   0x0801160c   0x00000028   Code   RO         7843    i.tcp_handle_closepend  tcp.o
    0x08011634   0x08011634   0x00000018   Code   RO         7844    i.tcp_init          tcp.o
    0x0801164c   0x0801164c   0x000005fc   Code   RO         8145    i.tcp_input         tcp_in.o
    0x08011c48   0x08011c48   0x00000070   Code   RO         8146    i.tcp_input_delayed_close  tcp_in.o
    0x08011cb8   0x08011cb8   0x00000068   Code   RO         8229    i.tcp_keepalive     tcp_out.o
    0x08011d20   0x08011d20   0x00000050   Code   RO         7845    i.tcp_kill_prio     tcp.o
    0x08011d70   0x08011d70   0x0000005c   Code   RO         7846    i.tcp_kill_state    tcp.o
    0x08011dcc   0x08011dcc   0x00000034   Code   RO         7847    i.tcp_kill_timewait  tcp.o
    0x08011e00   0x08011e00   0x0000005c   Code   RO         7848    i.tcp_listen_closed  tcp.o
    0x08011e5c   0x08011e5c   0x00000134   Code   RO         8147    i.tcp_listen_input  tcp_in.o
    0x08011f90   0x08011f90   0x00000118   Code   RO         7850    i.tcp_listen_with_backlog_and_err  tcp.o
    0x080120a8   0x080120a8   0x0000004c   Code   RO         7851    i.tcp_netif_ip_addr_changed  tcp.o
    0x080120f4   0x080120f4   0x00000064   Code   RO         7852    i.tcp_netif_ip_addr_changed_pcblist  tcp.o
    0x08012158   0x08012158   0x00000006   Code   RO         7854    i.tcp_new_ip_type   tcp.o
    0x0801215e   0x0801215e   0x00000002   PAD
    0x08012160   0x08012160   0x00000058   Code   RO         7855    i.tcp_new_port      tcp.o
    0x080121b8   0x080121b8   0x00000038   Code   RO         7856    i.tcp_next_iss      tcp.o
    0x080121f0   0x080121f0   0x0000028c   Code   RO         8230    i.tcp_output        tcp_out.o
    0x0801247c   0x0801247c   0x0000006c   Code   RO         8231    i.tcp_output_alloc_header  tcp_out.o
    0x080124e8   0x080124e8   0x000000b0   Code   RO         8232    i.tcp_output_alloc_header_common  tcp_out.o
    0x08012598   0x08012598   0x0000007c   Code   RO         8233    i.tcp_output_control_segment  tcp_out.o
    0x08012614   0x08012614   0x00000070   Code   RO         8234    i.tcp_output_fill_options  tcp_out.o
    0x08012684   0x08012684   0x00000164   Code   RO         8235    i.tcp_output_segment  tcp_out.o
    0x080127e8   0x080127e8   0x00000048   Code   RO         8236    i.tcp_output_segment_busy  tcp_out.o
    0x08012830   0x08012830   0x00000098   Code   RO         8148    i.tcp_parseopt      tcp_in.o
    0x080128c8   0x080128c8   0x000000e0   Code   RO         8237    i.tcp_pbuf_prealloc  tcp_out.o
    0x080129a8   0x080129a8   0x00000064   Code   RO         7857    i.tcp_pcb_purge     tcp.o
    0x08012a0c   0x08012a0c   0x000000ec   Code   RO         7858    i.tcp_pcb_remove    tcp.o
    0x08012af8   0x08012af8   0x00000064   Code   RO         7859    i.tcp_poll          tcp.o
    0x08012b5c   0x08012b5c   0x0000050a   Code   RO         8149    i.tcp_process       tcp_in.o
    0x08013066   0x08013066   0x00000002   PAD
    0x08013068   0x08013068   0x000000ac   Code   RO         7860    i.tcp_process_refused_data  tcp.o
    0x08013114   0x08013114   0x00000570   Code   RO         8150    i.tcp_receive       tcp_in.o
    0x08013684   0x08013684   0x00000044   Code   RO         7861    i.tcp_recv          tcp.o
    0x080136c8   0x080136c8   0x00000050   Code   RO         7862    i.tcp_recv_null     tcp.o
    0x08013718   0x08013718   0x0000009c   Code   RO         7863    i.tcp_recved        tcp.o
    0x080137b4   0x080137b4   0x0000004c   Code   RO         7864    i.tcp_remove_listener  tcp.o
    0x08013800   0x08013800   0x0000008c   Code   RO         8238    i.tcp_rexmit        tcp_out.o
    0x0801388c   0x0801388c   0x00000088   Code   RO         8239    i.tcp_rexmit_fast   tcp_out.o
    0x08013914   0x08013914   0x00000040   Code   RO         8240    i.tcp_rexmit_rto    tcp_out.o
    0x08013954   0x08013954   0x0000004c   Code   RO         8241    i.tcp_rexmit_rto_commit  tcp_out.o
    0x080139a0   0x080139a0   0x000000ac   Code   RO         8242    i.tcp_rexmit_rto_prepare  tcp_out.o
    0x08013a4c   0x08013a4c   0x00000012   Code   RO         8243    i.tcp_route         tcp_out.o
    0x08013a5e   0x08013a5e   0x00000002   PAD
    0x08013a60   0x08013a60   0x000000a8   Code   RO         8244    i.tcp_rst           tcp_out.o
    0x08013b08   0x08013b08   0x0000001e   Code   RO         7865    i.tcp_seg_free      tcp.o
    0x08013b26   0x08013b26   0x00000012   Code   RO         7866    i.tcp_segs_free     tcp.o
    0x08013b38   0x08013b38   0x0000008c   Code   RO         8245    i.tcp_send_empty_ack  tcp_out.o
    0x08013bc4   0x08013bc4   0x0000006c   Code   RO         8246    i.tcp_send_fin      tcp_out.o
    0x08013c30   0x08013c30   0x00000044   Code   RO         7867    i.tcp_sent          tcp.o
    0x08013c74   0x08013c74   0x00000090   Code   RO         7869    i.tcp_shutdown      tcp.o
    0x08013d04   0x08013d04   0x00000520   Code   RO         7870    i.tcp_slowtmr       tcp.o
    0x08014224   0x08014224   0x000001c4   Code   RO         8247    i.tcp_split_unsent_seg  tcp_out.o
    0x080143e8   0x080143e8   0x00000034   Code   RO         8395    i.tcp_timer_needed  timeouts.o
    0x0801441c   0x0801441c   0x00000098   Code   RO         8151    i.tcp_timewait_input  tcp_in.o
    0x080144b4   0x080144b4   0x00000020   Code   RO         7872    i.tcp_tmr           tcp.o
    0x080144d4   0x080144d4   0x00000010   Code   RO         8152    i.tcp_trigger_input_pcb_close  tcp_in.o
    0x080144e4   0x080144e4   0x00000090   Code   RO         7874    i.tcp_update_rcv_ann_wnd  tcp.o
    0x08014574   0x08014574   0x000006a0   Code   RO         8248    i.tcp_write         tcp_out.o
    0x08014c14   0x08014c14   0x00000110   Code   RO         8249    i.tcp_write_checks  tcp_out.o
    0x08014d24   0x08014d24   0x000000e8   Code   RO         8250    i.tcp_zero_window_probe  tcp_out.o
    0x08014e0c   0x08014e0c   0x00000028   Code   RO         4974    i.tcpecho_init      socket_tcp.o
    0x08014e34   0x08014e34   0x0000025c   Code   RO         4975    i.tcpecho_thread    socket_tcp.o
    0x08015090   0x08015090   0x000000a0   Code   RO         6565    i.tcpip_init        tcpip.o
    0x08015130   0x08015130   0x00000068   Code   RO         6566    i.tcpip_inpkt       tcpip.o
    0x08015198   0x08015198   0x00000020   Code   RO         6567    i.tcpip_input       tcpip.o
    0x080151b8   0x080151b8   0x00000020   Code   RO         6568    i.tcpip_send_msg_wait_sem  tcpip.o
    0x080151d8   0x080151d8   0x00000038   Code   RO         8396    i.tcpip_tcp_timer   timeouts.o
    0x08015210   0x08015210   0x00000058   Code   RO         6569    i.tcpip_thread      tcpip.o
    0x08015268   0x08015268   0x00000074   Code   RO         6570    i.tcpip_thread_handle_msg  tcpip.o
    0x080152dc   0x080152dc   0x0000005c   Code   RO         6571    i.tcpip_timeouts_mbox_fetch  tcpip.o
    0x08015338   0x08015338   0x000000c4   Code   RO          662    i.temprature_task   freertos_demo.o
    0x080153fc   0x080153fc   0x00000012   Code   RO         6269    i.tryget_socket     sockets.o
    0x0801540e   0x0801540e   0x00000004   Code   RO         6270    i.tryget_socket_unconn  sockets.o
    0x08015412   0x08015412   0x00000002   PAD
    0x08015414   0x08015414   0x00000014   Code   RO         6272    i.tryget_socket_unconn_nouse  sockets.o
    0x08015428   0x08015428   0x0000000a   Code   RO         5062    i.u16_to_string     zzh.o
    0x08015432   0x08015432   0x00000002   PAD
    0x08015434   0x08015434   0x000000a8   Code   RO         8476    i.udp_bind          udp.o
    0x080154dc   0x080154dc   0x00000014   Code   RO         8477    i.udp_bind_netif    udp.o
    0x080154f0   0x080154f0   0x000000a4   Code   RO         8478    i.udp_connect       udp.o
    0x08015594   0x08015594   0x00000018   Code   RO         8480    i.udp_init          udp.o
    0x080155ac   0x080155ac   0x000001b0   Code   RO         8481    i.udp_input         udp.o
    0x0801575c   0x0801575c   0x000000b4   Code   RO         8482    i.udp_input_local_match  udp.o
    0x08015810   0x08015810   0x00000034   Code   RO         8483    i.udp_netif_ip_addr_changed  udp.o
    0x08015844   0x08015844   0x0000001c   Code   RO         8484    i.udp_new           udp.o
    0x08015860   0x08015860   0x00000004   Code   RO         8485    i.udp_new_ip_type   udp.o
    0x08015864   0x08015864   0x00000048   Code   RO         8486    i.udp_new_port      udp.o
    0x080158ac   0x080158ac   0x00000028   Code   RO         8487    i.udp_recv          udp.o
    0x080158d4   0x080158d4   0x00000050   Code   RO         8488    i.udp_remove        udp.o
    0x08015924   0x08015924   0x0000005c   Code   RO         8489    i.udp_send          udp.o
    0x08015980   0x08015980   0x000000b0   Code   RO         8490    i.udp_sendto        udp.o
    0x08015a30   0x08015a30   0x000000dc   Code   RO         8491    i.udp_sendto_if     udp.o
    0x08015b0c   0x08015b0c   0x000001e4   Code   RO         8492    i.udp_sendto_if_src  udp.o
    0x08015cf0   0x08015cf0   0x0000003c   Code   RO          948    i.usart3_init       usart.o
    0x08015d2c   0x08015d2c   0x00000038   Code   RO          949    i.usart_init        usart.o
    0x08015d64   0x08015d64   0x00000094   Code   RO         5206    i.usmart_cmd_rec    usmart.o
    0x08015df8   0x08015df8   0x00000278   Code   RO         5207    i.usmart_exe        usmart.o
    0x08016070   0x08016070   0x000000a4   Code   RO         5349    i.usmart_get_aparm  usmart_str.o
    0x08016114   0x08016114   0x0000002e   Code   RO         5350    i.usmart_get_cmdname  usmart_str.o
    0x08016142   0x08016142   0x00000002   PAD
    0x08016144   0x08016144   0x00000174   Code   RO         5351    i.usmart_get_fname  usmart_str.o
    0x080162b8   0x080162b8   0x000000e0   Code   RO         5352    i.usmart_get_fparam  usmart_str.o
    0x08016398   0x08016398   0x00000020   Code   RO         5299    i.usmart_get_input_string  usmart_port.o
    0x080163b8   0x080163b8   0x00000024   Code   RO         5353    i.usmart_get_parmpos  usmart_str.o
    0x080163dc   0x080163dc   0x00000028   Code   RO         5208    i.usmart_init       usmart.o
    0x08016404   0x08016404   0x00000010   Code   RO         5354    i.usmart_pow        usmart_str.o
    0x08016414   0x08016414   0x000000a8   Code   RO         5209    i.usmart_scan       usmart.o
    0x080164bc   0x080164bc   0x00000014   Code   RO         5355    i.usmart_search_nextc  usmart_str.o
    0x080164d0   0x080164d0   0x000000dc   Code   RO         5356    i.usmart_str2num    usmart_str.o
    0x080165ac   0x080165ac   0x0000001a   Code   RO         5357    i.usmart_strcmp     usmart_str.o
    0x080165c6   0x080165c6   0x00000012   Code   RO         5358    i.usmart_strcopy    usmart_str.o
    0x080165d8   0x080165d8   0x00000012   Code   RO         5359    i.usmart_strlen     usmart_str.o
    0x080165ea   0x080165ea   0x00000002   PAD
    0x080165ec   0x080165ec   0x000006a0   Code   RO         5210    i.usmart_sys_cmd_exe  usmart.o
    0x08016c8c   0x08016c8c   0x00000030   Code   RO         5300    i.usmart_timx_get_time  usmart_port.o
    0x08016cbc   0x08016cbc   0x00000050   Code   RO         5301    i.usmart_timx_init  usmart_port.o
    0x08016d0c   0x08016d0c   0x00000028   Code   RO         5302    i.usmart_timx_reset_time  usmart_port.o
    0x08016d34   0x08016d34   0x00000026   Code   RO         9793    i.uxListRemove      list.o
    0x08016d5a   0x08016d5a   0x00000016   Code   RO         9794    i.vListInitialise   list.o
    0x08016d70   0x08016d70   0x00000006   Code   RO         9795    i.vListInitialiseItem  list.o
    0x08016d76   0x08016d76   0x00000030   Code   RO         9796    i.vListInsert       list.o
    0x08016da6   0x08016da6   0x00000018   Code   RO         9797    i.vListInsertEnd    list.o
    0x08016dbe   0x08016dbe   0x00000002   PAD
    0x08016dc0   0x08016dc0   0x00000088   Code   RO        10949    i.vPortEnterCritical  port.o
    0x08016e48   0x08016e48   0x00000078   Code   RO        10950    i.vPortExitCritical  port.o
    0x08016ec0   0x08016ec0   0x000000b0   Code   RO        10881    i.vPortFree         heap_4.o
    0x08016f70   0x08016f70   0x00000024   Code   RO        10951    i.vPortSetupTimerInterrupt  port.o
    0x08016f94   0x08016f94   0x0000009c   Code   RO        10952    i.vPortValidateInterruptPriority  port.o
    0x08017030   0x08017030   0x00000080   Code   RO         9856    i.vQueueAddToRegistry  queue.o
    0x080170b0   0x080170b0   0x00000058   Code   RO         9857    i.vQueueDelete      queue.o
    0x08017108   0x08017108   0x00000070   Code   RO         9859    i.vQueueUnregisterQueue  queue.o
    0x08017178   0x08017178   0x00000046   Code   RO         9860    i.vQueueWaitForMessageRestricted  queue.o
    0x080171be   0x080171be   0x00000002   PAD
    0x080171c0   0x080171c0   0x00000080   Code   RO        10302    i.vTaskDelay        tasks.o
    0x08017240   0x08017240   0x000000e4   Code   RO        10303    i.vTaskDelete       tasks.o
    0x08017324   0x08017324   0x00000010   Code   RO        10307    i.vTaskInternalSetTimeOutState  tasks.o
    0x08017334   0x08017334   0x0000000c   Code   RO        10309    i.vTaskMissedYield  tasks.o
    0x08017340   0x08017340   0x00000068   Code   RO        10310    i.vTaskPlaceOnEventList  tasks.o
    0x080173a8   0x080173a8   0x00000088   Code   RO        10311    i.vTaskPlaceOnEventListRestricted  tasks.o
    0x08017430   0x08017430   0x000000f8   Code   RO        10313    i.vTaskPriorityDisinheritAfterTimeout  tasks.o
    0x08017528   0x08017528   0x000000a0   Code   RO        10319    i.vTaskStartScheduler  tasks.o
    0x080175c8   0x080175c8   0x00000010   Code   RO        10321    i.vTaskSuspendAll   tasks.o
    0x080175d8   0x080175d8   0x00000090   Code   RO        10322    i.vTaskSwitchContext  tasks.o
    0x08017668   0x08017668   0x00000004   Code   RO         5211    i.write_addr        usmart.o
    0x0801766c   0x0801766c   0x00000144   Code   RO        10953    i.xPortStartScheduler  port.o
    0x080177b0   0x080177b0   0x0000002c   Code   RO        10954    i.xPortSysTickHandler  port.o
    0x080177dc   0x080177dc   0x00000018   Code   RO         9863    i.xQueueCreateMutex  queue.o
    0x080177f4   0x080177f4   0x00000084   Code   RO         9865    i.xQueueGenericCreate  queue.o
    0x08017878   0x08017878   0x000000e8   Code   RO         9866    i.xQueueGenericReset  queue.o
    0x08017960   0x08017960   0x000001ac   Code   RO         9867    i.xQueueGenericSend  queue.o
    0x08017b0c   0x08017b0c   0x000000e8   Code   RO         9869    i.xQueueGiveFromISR  queue.o
    0x08017bf4   0x08017bf4   0x00000070   Code   RO         9870    i.xQueueGiveMutexRecursive  queue.o
    0x08017c64   0x08017c64   0x00000160   Code   RO         9875    i.xQueueReceive     queue.o
    0x08017dc4   0x08017dc4   0x000001a0   Code   RO         9880    i.xQueueSemaphoreTake  queue.o
    0x08017f64   0x08017f64   0x00000074   Code   RO         9881    i.xQueueTakeMutexRecursive  queue.o
    0x08017fd8   0x08017fd8   0x000000c0   Code   RO        10325    i.xTaskCheckForTimeOut  tasks.o
    0x08018098   0x08018098   0x00000060   Code   RO        10326    i.xTaskCreate       tasks.o
    0x080180f8   0x080180f8   0x0000000c   Code   RO        10332    i.xTaskGetCurrentTaskHandle  tasks.o
    0x08018104   0x08018104   0x0000001c   Code   RO        10335    i.xTaskGetSchedulerState  tasks.o
    0x08018120   0x08018120   0x0000000c   Code   RO        10336    i.xTaskGetTickCount  tasks.o
    0x0801812c   0x0801812c   0x00000160   Code   RO        10338    i.xTaskIncrementTick  tasks.o
    0x0801828c   0x0801828c   0x000000e4   Code   RO        10339    i.xTaskPriorityDisinherit  tasks.o
    0x08018370   0x08018370   0x000000b4   Code   RO        10340    i.xTaskPriorityInherit  tasks.o
    0x08018424   0x08018424   0x00000110   Code   RO        10341    i.xTaskRemoveFromEventList  tasks.o
    0x08018534   0x08018534   0x0000015c   Code   RO        10342    i.xTaskResumeAll    tasks.o
    0x08018690   0x08018690   0x00000080   Code   RO        10722    i.xTimerCreateTimerTask  timers.o
    0x08018710   0x08018710   0x00000054   Code   RO           14    i.zzh_FreeRTOS_sys_run  main.o
    0x08018764   0x08018764   0x00000010   Data   RO          619    .constdata          system_stm32f4xx.o
    0x08018774   0x08018774   0x00000008   Data   RO          620    .constdata          system_stm32f4xx.o
    0x0801877c   0x0801877c   0x00002f80   Data   RO         4600    .constdata          lcd.o
    0x0801b6fc   0x0801b6fc   0x00000024   Data   RO         5448    .constdata          malloc.o
    0x0801b720   0x0801b720   0x00000003   Data   RO         5786    .constdata          api_msg.o
    0x0801b723   0x0801b723   0x00000001   PAD
    0x0801b724   0x0801b724   0x00000044   Data   RO         5972    .constdata          err.o
    0x0801b768   0x0801b768   0x00000010   Data   RO         7217    .constdata          memp.o
    0x0801b778   0x0801b778   0x00000010   Data   RO         7218    .constdata          memp.o
    0x0801b788   0x0801b788   0x00000010   Data   RO         7219    .constdata          memp.o
    0x0801b798   0x0801b798   0x00000010   Data   RO         7220    .constdata          memp.o
    0x0801b7a8   0x0801b7a8   0x00000010   Data   RO         7221    .constdata          memp.o
    0x0801b7b8   0x0801b7b8   0x00000010   Data   RO         7222    .constdata          memp.o
    0x0801b7c8   0x0801b7c8   0x00000010   Data   RO         7223    .constdata          memp.o
    0x0801b7d8   0x0801b7d8   0x00000010   Data   RO         7224    .constdata          memp.o
    0x0801b7e8   0x0801b7e8   0x00000010   Data   RO         7225    .constdata          memp.o
    0x0801b7f8   0x0801b7f8   0x00000010   Data   RO         7226    .constdata          memp.o
    0x0801b808   0x0801b808   0x00000010   Data   RO         7227    .constdata          memp.o
    0x0801b818   0x0801b818   0x00000010   Data   RO         7228    .constdata          memp.o
    0x0801b828   0x0801b828   0x00000010   Data   RO         7229    .constdata          memp.o
    0x0801b838   0x0801b838   0x00000010   Data   RO         7230    .constdata          memp.o
    0x0801b848   0x0801b848   0x00000038   Data   RO         7231    .constdata          memp.o
    0x0801b880   0x0801b880   0x00000054   Data   RO         7875    .constdata          tcp.o
    0x0801b8d4   0x0801b8d4   0x00000030   Data   RO         8397    .constdata          timeouts.o
    0x0801b904   0x0801b904   0x00000004   Data   RO         9078    .constdata          ip4_addr.o
    0x0801b908   0x0801b908   0x00000004   Data   RO         9079    .constdata          ip4_addr.o
    0x0801b90c   0x0801b90c   0x00000006   Data   RO         9223    .constdata          ethernet_1.o
    0x0801b912   0x0801b912   0x00000006   Data   RO         9224    .constdata          ethernet_1.o
    0x0801b918   0x0801b918   0x00000081   Data   RO        11037    .constdata          mc_w.l(ctype_o.o)
    0x0801b999   0x0801b999   0x00000003   PAD
    0x0801b99c   0x0801b99c   0x00000004   Data   RO        11038    .constdata          mc_w.l(ctype_o.o)
    0x0801b9a0   0x0801b9a0   0x00000028   Data   RO         5212    .conststring        usmart.o
    0x0801b9c8   0x0801b9c8   0x000000dc   Data   RO         5272    .conststring        usmart_config.o
    0x0801baa4   0x0801baa4   0x00000008   Data   RO         7232    .conststring        memp.o
    0x0801baac   0x0801baac   0x00000008   Data   RO         7233    .conststring        memp.o
    0x0801bab4   0x0801bab4   0x0000000f   Data   RO         7234    .conststring        memp.o
    0x0801bac3   0x0801bac3   0x00000001   PAD
    0x0801bac4   0x0801bac4   0x00000008   Data   RO         7235    .conststring        memp.o
    0x0801bacc   0x0801bacc   0x0000000a   Data   RO         7236    .conststring        memp.o
    0x0801bad6   0x0801bad6   0x00000002   PAD
    0x0801bad8   0x0801bad8   0x0000000a   Data   RO         7237    .conststring        memp.o
    0x0801bae2   0x0801bae2   0x00000002   PAD
    0x0801bae4   0x0801bae4   0x00000007   Data   RO         7238    .conststring        memp.o
    0x0801baeb   0x0801baeb   0x00000001   PAD
    0x0801baec   0x0801baec   0x00000008   Data   RO         7239    .conststring        memp.o
    0x0801baf4   0x0801baf4   0x0000000e   Data   RO         7240    .conststring        memp.o
    0x0801bb02   0x0801bb02   0x00000002   PAD
    0x0801bb04   0x0801bb04   0x00000010   Data   RO         7241    .conststring        memp.o
    0x0801bb14   0x0801bb14   0x0000000c   Data   RO         7242    .conststring        memp.o
    0x0801bb20   0x0801bb20   0x00000006   Data   RO         7243    .conststring        memp.o
    0x0801bb26   0x0801bb26   0x00000002   PAD
    0x0801bb28   0x0801bb28   0x0000000d   Data   RO         7244    .conststring        memp.o
    0x0801bb35   0x0801bb35   0x00000003   PAD
    0x0801bb38   0x0801bb38   0x0000000a   Data   RO         7245    .conststring        memp.o
    0x0801bb42   0x0801bb42   0x00000002   PAD
    0x0801bb44   0x0801bb44   0x0000006d   Data   RO         7876    .conststring        tcp.o
    0x0801bbb1   0x0801bbb1   0x00000003   PAD
    0x0801bbb4   0x0801bbb4   0x00000055   Data   RO         8251    .conststring        tcp_out.o
    0x0801bc09   0x0801bc09   0x00000003   PAD
    0x0801bc0c   0x0801bc0c   0x00000042   Data   RO         8662    .conststring        dhcp.o
    0x0801bc4e   0x0801bc4e   0x00000002   PAD
    0x0801bc50   0x0801bc50   0x00000041   Data   RO         8866    .conststring        etharp.o
    0x0801bc91   0x0801bc91   0x00000003   PAD
    0x0801bc94   0x0801bc94   0x00000020   Data   RO        11448    Region$$Table       anon$$obj.o


    Execution Region RW_IRAM1 (Exec base: 0x20000000, Load base: 0x0801bcb4, Size: 0x0001fbc8, Max: 0x00020000, ABSOLUTE, COMPRESSED[0x000000a0])

    Exec Addr    Load Addr    Size         Type   Attr      Idx    E Section Name        Object

    0x20000000   COMPRESSED   0x00000004   Data   RW          621    .data               system_stm32f4xx.o
    0x20000004   COMPRESSED   0x00000028   Data   RW          663    .data               freertos_demo.o
    0x2000002c   COMPRESSED   0x00000004   Data   RW          823    .data               delay.o
    0x20000030   COMPRESSED   0x0000000b   Data   RW          951    .data               usart.o
    0x2000003b   COMPRESSED   0x00000001   PAD
    0x2000003c   COMPRESSED   0x00000004   Data   RW          952    .data               usart.o
    0x20000040   COMPRESSED   0x0000000c   Data   RW         1077    .data               stm32f4xx_hal.o
    0x2000004c   COMPRESSED   0x00000004   Data   RW         4602    .data               lcd.o
    0x20000050   COMPRESSED   0x00000010   Data   RW         4824    .data               ethernet.o
    0x20000060   COMPRESSED   0x00000018   Data   RW         5064    .data               zzh.o
    0x20000078   COMPRESSED   0x0000001c   Data   RW         5213    .data               usmart.o
    0x20000094   COMPRESSED   0x00000030   Data   RW         5273    .data               usmart_config.o
    0x200000c4   COMPRESSED   0x000000f4   Data   RW         5274    .data               usmart_config.o
    0x200001b8   COMPRESSED   0x00000024   Data   RW         5449    .data               malloc.o
    0x200001dc   COMPRESSED   0x00000004   Data   RW         6274    .data               sockets.o
    0x200001e0   COMPRESSED   0x00000010   Data   RW         6573    .data               tcpip.o
    0x200001f0   COMPRESSED   0x0000000c   Data   RW         6841    .data               dns.o
    0x200001fc   COMPRESSED   0x00000010   Data   RW         7126    .data               mem.o
    0x2000020c   COMPRESSED   0x00000004   Data   RW         7246    .data               memp.o
    0x20000210   COMPRESSED   0x00000004   Data   RW         7247    .data               memp.o
    0x20000214   COMPRESSED   0x00000004   Data   RW         7248    .data               memp.o
    0x20000218   COMPRESSED   0x00000004   Data   RW         7249    .data               memp.o
    0x2000021c   COMPRESSED   0x00000004   Data   RW         7250    .data               memp.o
    0x20000220   COMPRESSED   0x00000004   Data   RW         7251    .data               memp.o
    0x20000224   COMPRESSED   0x00000004   Data   RW         7252    .data               memp.o
    0x20000228   COMPRESSED   0x00000004   Data   RW         7253    .data               memp.o
    0x2000022c   COMPRESSED   0x00000004   Data   RW         7254    .data               memp.o
    0x20000230   COMPRESSED   0x00000004   Data   RW         7255    .data               memp.o
    0x20000234   COMPRESSED   0x00000004   Data   RW         7256    .data               memp.o
    0x20000238   COMPRESSED   0x00000004   Data   RW         7257    .data               memp.o
    0x2000023c   COMPRESSED   0x00000004   Data   RW         7258    .data               memp.o
    0x20000240   COMPRESSED   0x00000004   Data   RW         7259    .data               memp.o
    0x20000244   COMPRESSED   0x0000000c   Data   RW         7380    .data               netif.o
    0x20000250   COMPRESSED   0x00000020   Data   RW         7877    .data               tcp.o
    0x20000270   COMPRESSED   0x00000024   Data   RW         8154    .data               tcp_in.o
    0x20000294   COMPRESSED   0x0000000c   Data   RW         8399    .data               timeouts.o
    0x200002a0   COMPRESSED   0x00000008   Data   RW         8493    .data               udp.o
    0x200002a8   COMPRESSED   0x00000010   Data   RW         8663    .data               dhcp.o
    0x200002b8   COMPRESSED   0x00000001   Data   RW         8867    .data               etharp.o
    0x200002b9   COMPRESSED   0x00000001   PAD
    0x200002ba   COMPRESSED   0x00000002   Data   RW         9022    .data               ip4.o
    0x200002bc   COMPRESSED   0x00000008   Data   RW         9151    .data               ip4_frag.o
    0x200002c4   COMPRESSED   0x00000004   Data   RW         9266    .data               ethernetif.o
    0x200002c8   COMPRESSED   0x00000001   Data   RW         9346    .data               lwip_comm.o
    0x200002c9   COMPRESSED   0x00000003   PAD
    0x200002cc   COMPRESSED   0x00000004   Data   RW         9503    .data               sys_arch.o
    0x200002d0   COMPRESSED   0x00000040   Data   RW        10345    .data               tasks.o
    0x20000310   COMPRESSED   0x00000014   Data   RW        10731    .data               timers.o
    0x20000324   COMPRESSED   0x00000020   Data   RW        10887    .data               heap_4.o
    0x20000344   COMPRESSED   0x0000000c   Data   RW        10955    .data               port.o
    0x20000350   COMPRESSED   0x00000004   Data   RW        11067    .data               mc_w.l(rand.o)
    0x20000354   COMPRESSED   0x00000004   Data   RW        11416    .data               mc_w.l(mvars.o)
    0x20000358   COMPRESSED   0x00000004   Data   RW        11421    .data               mc_w.l(errno.o)
    0x2000035c        -       0x000001b4   Zero   RW          950    .bss                usart.o
    0x20000510        -       0x0000005e   Zero   RW         4599    .bss                lcd.o
    0x2000056e   COMPRESSED   0x00000002   PAD
    0x20000570        -       0x00000048   Zero   RW         4823    .bss                ethernet.o
    0x200005b8        -       0x000000b0   Zero   RW         4906    .bss                spi.o
    0x20000668        -       0x00000040   Zero   RW         5063    .bss                zzh.o
    0x200006a8        -       0x00000064   Zero   RW         5112    .bss                timer.o
    0x2000070c        -       0x00000050   Zero   RW         5156    .bss                sram.o
    0x2000075c        -       0x00000048   Zero   RW         5303    .bss                usmart_port.o
    0x200007a4   COMPRESSED   0x0000001c   PAD
    0x200007c0        -       0x00007800   Zero   RW         5446    .bss                malloc.o
    0x20007fc0        -       0x00000780   Zero   RW         5447    .bss                malloc.o
    0x20008740        -       0x00000040   Zero   RW         6273    .bss                sockets.o
    0x20008780        -       0x00000480   Zero   RW         6839    .bss                dns.o
    0x20008c00        -       0x00000018   Zero   RW         7092    .bss                ip.o
    0x20008c18        -       0x00006413   Zero   RW         7125    .bss                mem.o
    0x2000f02b        -       0x00000083   Zero   RW         7203    .bss                memp.o
    0x2000f0ae        -       0x00000263   Zero   RW         7204    .bss                memp.o
    0x2000f311        -       0x0000003b   Zero   RW         7205    .bss                memp.o
    0x2000f34c        -       0x00000963   Zero   RW         7206    .bss                memp.o
    0x2000fcaf        -       0x000000a3   Zero   RW         7207    .bss                memp.o
    0x2000fd52        -       0x0000016b   Zero   RW         7208    .bss                memp.o
    0x2000febd        -       0x00000023   Zero   RW         7209    .bss                memp.o
    0x2000fee0        -       0x000000b3   Zero   RW         7210    .bss                memp.o
    0x2000ff93        -       0x00000083   Zero   RW         7211    .bss                memp.o
    0x20010016        -       0x00000083   Zero   RW         7212    .bss                memp.o
    0x20010099        -       0x00000063   Zero   RW         7213    .bss                memp.o
    0x200100fc        -       0x00000137   Zero   RW         7214    .bss                memp.o
    0x20010233        -       0x000000f3   Zero   RW         7215    .bss                memp.o
    0x20010326        -       0x000077b3   Zero   RW         7216    .bss                memp.o
    0x20017ad9   COMPRESSED   0x00000003   PAD
    0x20017adc        -       0x00000014   Zero   RW         8153    .bss                tcp_in.o
    0x20017af0        -       0x00000032   Zero   RW         8661    .bss                dhcp.o
    0x20017b22   COMPRESSED   0x00000002   PAD
    0x20017b24        -       0x000000f0   Zero   RW         8865    .bss                etharp.o
    0x20017c14        -       0x00000010   Zero   RW         9077    .bss                ip4_addr.o
    0x20017c24        -       0x00000054   Zero   RW         9345    .bss                lwip_comm.o
    0x20017c78        -       0x00000040   Zero   RW         9882    .bss                queue.o
    0x20017cb8        -       0x000002e4   Zero   RW        10344    .bss                tasks.o
    0x20017f9c        -       0x00000028   Zero   RW        10730    .bss                timers.o
    0x20017fc4        -       0x00007800   Zero   RW        10886    .bss                heap_4.o
    0x2001f7c4   COMPRESSED   0x00000004   PAD
    0x2001f7c8        -       0x00000400   Zero   RW            1    STACK               startup_stm32f407xx.o



  Load Region LR$$.ARM.__AT_0x10000000 (Base: 0x10000000, Size: 0x00000000, Max: 0x0000f000, ABSOLUTE)

    Execution Region ER$$.ARM.__AT_0x10000000 (Exec base: 0x10000000, Load base: 0x10000000, Size: 0x0000f000, Max: 0x0000f000, ABSOLUTE, UNINIT)

    Exec Addr    Load Addr    Size         Type   Attr      Idx    E Section Name        Object

    0x10000000        -       0x0000f000   Zero   RW         5442    .ARM.__AT_0x10000000  malloc.o



  Load Region LR$$.ARM.__AT_0x1000F000 (Base: 0x1000f000, Size: 0x00000000, Max: 0x00000f00, ABSOLUTE)

    Execution Region ER$$.ARM.__AT_0x1000F000 (Exec base: 0x1000f000, Load base: 0x1000f000, Size: 0x00000f00, Max: 0x00000f00, ABSOLUTE, UNINIT)

    Exec Addr    Load Addr    Size         Type   Attr      Idx    E Section Name        Object

    0x1000f000        -       0x00000f00   Zero   RW         5443    .ARM.__AT_0x1000F000  malloc.o



  Load Region LR$$.ARM.__AT_0x68000000 (Base: 0x68000000, Size: 0x00000000, Max: 0x0007d000, ABSOLUTE)

    Execution Region ER$$.ARM.__AT_0x68000000 (Exec base: 0x68000000, Load base: 0x68000000, Size: 0x0007d000, Max: 0x0007d000, ABSOLUTE, UNINIT)

    Exec Addr    Load Addr    Size         Type   Attr      Idx    E Section Name        Object

    0x68000000        -       0x0007d000   Zero   RW         5444    .ARM.__AT_0x68000000  malloc.o



  Load Region LR$$.ARM.__AT_0x6807D000 (Base: 0x6807d000, Size: 0x00000000, Max: 0x00007d00, ABSOLUTE)

    Execution Region ER$$.ARM.__AT_0x6807D000 (Exec base: 0x6807d000, Load base: 0x6807d000, Size: 0x00007d00, Max: 0x00007d00, ABSOLUTE, UNINIT)

    Exec Addr    Load Addr    Size         Type   Attr      Idx    E Section Name        Object

    0x6807d000        -       0x00007d00   Zero   RW         5445    .ARM.__AT_0x6807D000  malloc.o


==============================================================================

Image component sizes


      Code (inc. data)   RO Data    RW Data    ZI Data      Debug   Object Name

      2180        774          0          0          0      40491   api_lib.o
      5034       1376          3          0          0      35129   api_msg.o
        34          0          0          0          0       1066   def.o
       154         10          0          4          0       2529   delay.o
      4902        746         66         16         50      31724   dhcp.o
       858        128          0         12       1152      15716   dns.o
        28          4         68          0          0       3539   err.o
      2252        518         65          1        240      12435   etharp.o
       712         46          0         16         72       5608   ethernet.o
       308         56         12          0          0       2702   ethernet_1.o
       708         88          0          4          0       6298   ethernetif.o
         0          0          0          0          0      12120   event_groups.o
      1688        670          0         40          0      26404   freertos_demo.o
       644        166          0         32      30720       4383   heap_4.o
       640        160          0          0          0       4682   icmp.o
         0          0          0          0          0       4115   if_api.o
       160          0          0          0          0       2290   inet_chksum.o
        38          0          0          0          0        560   init.o
         0          0          0          0         24       3178   ip.o
       894         92          0          2          0       5904   ip4.o
       210          4          8          0         16      10502   ip4_addr.o
      2170        462          0          8          0      12862   ip4_frag.o
     11394        144      12160          4         94      24769   lcd.o
       232         12          0          0          0       1083   led.o
       138          0          0          0          0       3422   list.o
      1432        498          0          1         84      23582   lwip_comm.o
        94          4          0          0          0     766866   main.o
       426         46         36         36     641920       6667   malloc.o
      1716        604          0         16      25619       8789   mem.o
       358        148        425         56      35502      11038   memp.o
       196         54          0          0          0      11399   netbuf.o
      1170        352          0         12          0      18003   netif.o
      2892       1082          0          0          0      21033   pbuf.o
      1158        464          0         12          0      11073   port.o
      3026        658          0          0         64      22590   queue.o
       644        218          0          0          0      18808   socket_tcp.o
      3834        576          0          4         64      48871   sockets.o
      1158        238          0          0        176       6710   spi.o
       360         30          0          0         80       1537   sram.o
        52         14        392          0       1024        960   startup_stm32f407xx.o
       198         32          0         12          0      10474   stm32f4xx_hal.o
       226         14          0          0          0      34709   stm32f4xx_hal_cortex.o
       178          0          0          0          0       1995   stm32f4xx_hal_dma.o
      2318         74          0          0          0      16774   stm32f4xx_hal_eth.o
       494         46          0          0          0       2965   stm32f4xx_hal_gpio.o
      1472         76          0          0          0       6364   stm32f4xx_hal_rcc.o
      1122         14          0          0          0       4937   stm32f4xx_hal_spi.o
        88          0          0          0          0       1236   stm32f4xx_hal_sram.o
      1366        140          0          0          0       9783   stm32f4xx_hal_tim.o
      1386         16          0          0          0      11539   stm32f4xx_hal_uart.o
        12          0          0          0          0     648121   stm32f4xx_it.o
       210          8          0          0          0       2819   stm32f4xx_ll_fsmc.o
       152         12          0          0          0       1315   sys.o
      1436        676          0          4          0      13853   sys_arch.o
        16          4         24          4          0       1347   system_stm32f4xx.o
      3728        904          0         64        740      37447   tasks.o
      5438       1774        193         32          0      42537   tcp.o
      5210       1050          0         36         20      21439   tcp_in.o
      6334       2028         85          0          0      34242   tcp_out.o
       624        206          0         16          0       9921   tcpip.o
       572        186         48         12          0       7327   timeouts.o
       160         22          0          0        100       2483   timer.o
       924        190          0         20         40      11452   timers.o
      2236        800          0          8          0      15312   udp.o
       952        152          0         15        436       9441   usart.o
      2692       1306         40         28          0       6402   usmart.o
         0          0        220        292          0       1524   usmart_config.o
       252         44          0          0         72       3510   usmart_port.o
      1160         18          0          0          0       9753   usmart_str.o
       198         14          0         24         64       3603   zzh.o

    ----------------------------------------------------------------------
     95140      20248      13904        848     738412    2236061   Object Totals
         0          0         32          0          0          0   (incl. Generated)
        92          0         27          5         39          0   (incl. Padding)

    ----------------------------------------------------------------------

      Code (inc. data)   RO Data    RW Data    ZI Data      Debug   Library Member Name

        86          0          0          0          0          0   __dczerorl2.o
        28          0          0          0          0         68   _chval.o
       158          0          0          0          0         92   _strtoul.o
        26          0          0          0          0         80   atoi.o
         8          4        133          0          0         68   ctype_o.o
         0          0          0          0          0          0   entry.o
         0          0          0          0          0          0   entry10a.o
         0          0          0          0          0          0   entry11a.o
         4          0          0          0          0          0   entry12b.o
         8          4          0          0          0          0   entry2.o
         4          0          0          0          0          0   entry5.o
         0          0          0          0          0          0   entry7b.o
         0          0          0          0          0          0   entry8b.o
         8          4          0          0          0          0   entry9a.o
         8          4          0          4          0         68   errno.o
        30          0          0          0          0          0   handlers.o
        36          8          0          0          0         68   init.o
         0          0          0          0          0          0   iusefp.o
        30          0          0          0          0         68   llshl.o
        36          0          0          0          0         68   llsshr.o
        32          0          0          0          0         68   llushr.o
        80          4          0          0          0         76   malloc.o
        26          0          0          0          0         80   memcmp.o
        64          0          0          0          0         76   memmovea.o
        36          0          0          0          0        108   memseta.o
         0          0          0          4          0          0   mvars.o
      2268         96          0          0          0        616   printfa.o
        36         10          0          4          0        136   rand.o
        14          0          0          0          0         68   strlen.o
       112          0          0          0          0         88   strtol.o
        44          0          0          0          0         80   uidiv.o
        98          0          0          0          0         92   uldiv.o
        48          0          0          0          0         68   cdrcmple.o
        56          0          0          0          0         88   d2f.o
       334          0          0          0          0        148   dadd.o
       222          0          0          0          0        100   ddiv.o
       186          0          0          0          0        176   depilogue.o
        50          0          0          0          0         76   dfixui.o
        48          0          0          0          0         68   dfixul.o
        34          0          0          0          0         76   dflti.o
        26          0          0          0          0         76   dfltui.o
       228          0          0          0          0         96   dmul.o
        38          0          0          0          0         68   f2d.o
       110          0          0          0          0        168   fepilogue.o

    ----------------------------------------------------------------------
      4664        134        136         12          0       3276   Library Totals
         4          0          3          0          0          0   (incl. Padding)

    ----------------------------------------------------------------------

      Code (inc. data)   RO Data    RW Data    ZI Data      Debug   Library Name

      3280        134        133         12          0       2068   mc_w.l
      1380          0          0          0          0       1208   mf_w.l

    ----------------------------------------------------------------------
      4664        134        136         12          0       3276   Library Totals

    ----------------------------------------------------------------------

==============================================================================


      Code (inc. data)   RO Data    RW Data    ZI Data      Debug   

     99804      20382      14040        860     738412    2176453   Grand Totals
     99804      20382      14040        160     738412    2176453   ELF Image Totals (compressed)
     99804      20382      14040        160          0          0   ROM Totals

==============================================================================

    Total RO  Size (Code + RO Data)               113844 ( 111.18kB)
    Total RW  Size (RW Data + ZI Data)            739272 ( 721.95kB)
    Total ROM Size (Code + RO Data + RW Data)     114004 ( 111.33kB)

==============================================================================

